Microchip MPLAB XC8 Compiler V1.45 ()

Linker command line:

-W-3 --edf=C:\Program Files (x86)\Microchip\xc8\v1.45\dat\en_msgs.txt -cs \
  -h+dist/default/production\Robot_SAE_101_WILD.X.production.sym \
  --cmf=dist/default/production\Robot_SAE_101_WILD.X.production.cmf -z \
  -Q18F47K40 -oC:\Users\Baptiste\AppData\Local\Temp\s830.2 \
  -Mdist/default/production/Robot_SAE_101_WILD.X.production.map -E1 \
  -ver=XC8 --acfsm=1493 -ASTACK=0208h-0e87h -pstack=STACK \
  -ACODE=00h-01FFFFh -ACONST=00h-01FFFFh -ASMALLCONST=0F00h-0FFFhx497 \
  -AMEDIUMCONST=0F00h-0FFFFh,010F00h-01FFFFh -ACOMRAM=01h-05Fh \
  -AABS1=00h-0E87h -ABIGRAM=01h-0E87h \
  -ARAM=060h-0FFh,0100h-01FFhx13,0E00h-0E87h -ABANK0=060h-0FFh \
  -ABANK1=0100h-01FFh -ABANK2=0200h-02FFh -ABANK3=0300h-03FFh \
  -ABANK4=0400h-04FFh -ABANK5=0500h-05FFh -ABANK6=0600h-06FFh \
  -ABANK7=0700h-07FFh -ABANK8=0800h-08FFh -ABANK9=0900h-09FFh \
  -ABANK10=0A00h-0AFFh -ABANK11=0B00h-0BFFh -ABANK12=0C00h-0CFFh \
  -ABANK13=0D00h-0DFFh -ABANK14=0E00h-0E87h \
  -ASFR=0E8Dh-0EFFh,0F00h-0F5Fh,0F60h-0FFFh \
  -preset_vec=00h,intcode=08h,intcodelo,powerup,init -pramtop=0F00h \
  -psmallconst=SMALLCONST -pmediumconst=MEDIUMCONST -pconst=CONST \
  -AFARRAM=00h-00h -ACONFIG=0300000h-030000Bh -pconfig=CONFIG \
  -AIDLOC=0200000h-020000Fh -pidloc=IDLOC -AEEDATA=0310000h-03103FFh \
  -peeprom_data=EEDATA \
  -prdata=COMRAM,nvrram=COMRAM,nvbit=COMRAM,rbss=COMRAM,rbit=COMRAM \
  -pfarbss=FARRAM,fardata=FARRAM,nvFARRAM=FARRAM \
  -pintsave_regs=BIGRAM,bigbss=BIGRAM,bigdata=BIGRAM -pbss=RAM \
  -pidata=CODE,irdata=CODE,ibigdata=CODE,ifardata=CODE -prparam=COMRAM \
  C:\Users\Baptiste\AppData\Local\Temp\s830.obj \
  dist/default/production\Robot_SAE_101_WILD.X.production.obj 

Object code version is 3.11

Machine type is 18F47K40

Call graph: (short form)




                Name                               Link     Load   Length Selector   Space Scale
C:\Users\Baptiste\AppData\Local\Temp\s830.obj
                init                                132      132        4        4       0
                reset_vec                             0        0        4        0       0
                idloc                            200000   200000       10   200000       0
                config                           300000   300000        C   300000       0
dist/default/production\Robot_SAE_101_WILD.X.production.obj
                intcode                               8        8      12A        4       0
                temp                                 5C       5C        1        1       1
                mediumconst                        FEF6     FEF6      10A     7F7B       0
                text144                           14A5E    14A5E       26     8000       0
                text143                           14D96    14D96        6     A6B7       0
                text142                           14DCA    14DCA        2     A6B7       0
                text141                           14D90    14D90        6     A6B7       0
                text140                           1358C    1358C       B0     8000       0
                text139                           14836    14836       32     8000       0
                text138                           14D8A    14D8A        6     A6B7       0
                text137                           14BE2    14BE2       18     8000       0
                text136                           145A6    145A6       3E     8000       0
                text135                           11FEA    11FEA      250     8000       0
                text134                           14AE8    14AE8       20     8000       0
                text133                           14DC4    14DC4        4     A6B7       0
                text132                           14DC0    14DC0        4     A6B7       0
                text131                           14B96    14B96       1C     8000       0
                text130                           13344    13344       CC     8000       0
                text129                           14326    14326       50     8000       0
                text128                           14996    14996       2A     8000       0
                text127                           14692    14692       3A     8000       0
                text126                           1496C    1496C       2A     8000       0
                text125                           14DC8    14DC8        2     A6B7       0
                text124                           14942    14942       2A     8000       0
                text123                           14AC8    14AC8       20     8000       0
                text122                           14DBC    14DBC        4     A6B7       0
                text121                           14DB8    14DB8        4     A6B7       0
                text120                           14B7A    14B7A       1C     8000       0
                text119                           142D6    142D6       50     8000       0
                text118                           14918    14918       2A     8000       0
                text117                           14A84    14A84       24     8000       0
                text116                           14C3C    14C3C       16     8000       0
                text115                           14804    14804       32     8000       0
                text114                           14B5E    14B5E       1C     8000       0
                text113                           1476C    1476C       34     8000       0
                text112                           14B42    14B42       1C     8000       0
                text111                           14738    14738       34     8000       0
                text110                           148EC    148EC       2C     8000       0
                text109                           148C0    148C0       2C     8000       0
                text108                           111DC    111DC      33C     8000       0
                text107                           12660    12660      150     8000       0
                text106                           10E8C    10E8C      350     8000       0
                text105                           12FDE    12FDE       DC     8000       0
                text104                           11832    11832      2D2     8000       0
                text103                           14A10    14A10       28     8000       0
                text101                           149E8    149E8       28     8000       0
                text100                           14D56    14D56        C     8000       0
                text99                            14C7A    14C7A       14     8000       0
                text98                            14564    14564       42     8000       0
                text97                            14D78    14D78        A     A6B7       0
                text96                            14190    14190       54     8000       0
                text95                            1449C    1449C       44     8000       0
                text94                            13A94    13A94       94     8000       0
                text93                            14702    14702       36     8000       0
                text92                            13410    13410       C6     8000       0
                text91                            14A38    14A38       26     8000       0
                text90                            14658    14658       3A     8000       0
                text89                            12F00    12F00       DE     8000       0
                text88                            14C66    14C66       14     8000       0
                text87                            143C4    143C4       4C     8000       0
                text86                            14D48    14D48        E     8000       0
                text85                            14D3A    14D3A        E     8000       0
                text84                            14D2C    14D2C        E     8000       0
                text83                            14D1E    14D1E        E     8000       0
                text82                            14D10    14D10        E     8000       0
                text81                            138D2    138D2       9A     8000       0
                text80                            146CC    146CC       36     8000       0
                text79                            14DB4    14DB4        4     A6B7       0
                text78                            14BCA    14BCA       18     8000       0
                text77                            14D02    14D02        E     8000       0
                text76                            14CF4    14CF4        E     8000       0
                text75                            14CE6    14CE6        E     8000       0
                text74                            14CD8    14CD8        E     8000       0
                text73                            12B4C    12B4C      102     8000       0
                text72                            14B26    14B26       1C     8000       0
                text71                            14C26    14C26       16     8000       0
                text70                            14C10    14C10       16     8000       0
                text69                            14CCA    14CCA        E     8000       0
                text68                            14522    14522       42     8000       0
                text67                            14CBC    14CBC        E     8000       0
                text66                            14286    14286       50     8000       0
                text65                            14B08    14B08       1E     8000       0
                text64                            14CAE    14CAE        E     8000       0
                text63                            14236    14236       50     8000       0
                text62                            14CA0    14CA0        E     8000       0
                text61                            147D2    147D2       32     8000       0
                text60                            1461E    1461E       3A     8000       0
                text59                            14C8E    14C8E       12     8000       0
                text58                            14DB0    14DB0        4     A6B7       0
                text57                            14DAC    14DAC        4     A6B7       0
                text56                            14DA8    14DA8        4     A6B7       0
                text55                            14DA4    14DA4        4     A6B7       0
                text54                            14DA0    14DA0        4     A6B7       0
                text53                            14D9C    14D9C        4     A6B7       0
                text52                            14D82    14D82        8     A6B7       0
                text51                            13792    13792       A2     8000       0
                text50                            14456    14456       46     8000       0
                text49                            14074    14074       64     8000       0
                text48                            134D6    134D6       B6     8000       0
                text47                            141E4    141E4       52     8000       0
                text46                            1363C    1363C       AE     8000       0
                text45                            13F32    13F32       70     8000       0
                text44                            14138    14138       58     8000       0
                text43                            13E3C    13E3C       7C     8000       0
                text42                            13FA2    13FA2       6A     8000       0
                text41                            140D8    140D8       60     8000       0
                text40                            13DBE    13DBE       7E     8000       0
                text39                            1400C    1400C       68     8000       0
                text38                            12A2A    12A2A      122     8000       0
                text37                            10B3A    10B3A      352     8000       0
                text36                            12E22    12E22       DE     8000       0
                text35                            13D3C    13D3C       82     8000       0
                text34                            128F2    128F2      138     8000       0
                text33                            13194    13194       DA     8000       0
                text32                            149C0    149C0       28     8000       0
                text31                            136EA    136EA       A8     8000       0
                text30                            13EB8    13EB8       7A     8000       0
                text29                            13A00    13A00       94     8000       0
                text28                            11D7E    11D7E      26C     8000       0
                text27                            14410    14410       46     8000       0
                text26                            1396C    1396C       94     8000       0
                text25                            13BB0    13BB0       86     8000       0
                text24                            127B0    127B0      142     8000       0
                text23                            1061C    1061C      51E     8000       0
                text22                            13CBA    13CBA       82     8000       0
                text21                            145E4    145E4       3A     8000       0
                text20                            144E0    144E0       42     8000       0
                text19                            13C36    13C36       84     8000       0
                text18                            130BA    130BA       DA     8000       0
                text17                            12478    12478      1E8     8000       0
                text16                            1223A    1223A      23E     8000       0
                text15                            13834    13834       9E     8000       0
                text14                            12D44    12D44       DE     8000       0
                text13                            11518    11518      31A     8000       0
                text12                            1326E    1326E       D6     8000       0
                text11                            147A0    147A0       32     8000       0
                text10                            14BFA    14BFA       16     8000       0
                text9                             14BB2    14BB2       18     8000       0
                text8                             11B04    11B04      27A     8000       0
                text7                             13B28    13B28       88     8000       0
                text6                             14894    14894       2C     8000       0
                text5                             14D6E    14D6E        A     A6B7       0
                text4                             14868    14868       2C     8000       0
                text3                             14AA8    14AA8       20     8000       0
                text2                             12C4E    12C4E       F6     8000       0
                text1                             14C52    14C52       14     8000       0
                text0                             10000    10000      61C     8000       0
                cstackCOMRAM                          1        1       4B        1       1
                cstackBANK0                          60       60       73       60       1
                cstackBANK1                         1F0      1F0        A      100       1
                cstackBANK2                         200      200        8      200       1
                dataBANK1                           1E5      1E5        B      100       1
                bssBANK1                            100      100       BA      100       1
                bssBANK0                             D3       D3       17       60       1
                bssCOMRAM                            4C       4C       10        1       1
                cinit                             14376    14376       4E     8000       0
                nvBANK1                             1BA      1BA       2B      100       1
                nvBANK0                              EA       EA        3       60       1
                idataBANK1                        14D62    14D62        B     8000       0

TOTAL           Name                               Link     Load   Length     Space
        CLASS   STACK          

        CLASS   CODE           
                intcode                               8        8      12A         0
                init                                132      132        4         0
                reset_vec                             0        0        4         0
                text144                           14A5E    14A5E       26         0
                text143                           14D96    14D96        6         0
                text142                           14DCA    14DCA        2         0
                text141                           14D90    14D90        6         0
                text140                           1358C    1358C       B0         0
                text139                           14836    14836       32         0
                text138                           14D8A    14D8A        6         0
                text137                           14BE2    14BE2       18         0
                text136                           145A6    145A6       3E         0
                text135                           11FEA    11FEA      250         0
                text134                           14AE8    14AE8       20         0
                text133                           14DC4    14DC4        4         0
                text132                           14DC0    14DC0        4         0
                text131                           14B96    14B96       1C         0
                text130                           13344    13344       CC         0
                text129                           14326    14326       50         0
                text128                           14996    14996       2A         0
                text127                           14692    14692       3A         0
                text126                           1496C    1496C       2A         0
                text125                           14DC8    14DC8        2         0
                text124                           14942    14942       2A         0
                text123                           14AC8    14AC8       20         0
                text122                           14DBC    14DBC        4         0
                text121                           14DB8    14DB8        4         0
                text120                           14B7A    14B7A       1C         0
                text119                           142D6    142D6       50         0
                text118                           14918    14918       2A         0
                text117                           14A84    14A84       24         0
                text116                           14C3C    14C3C       16         0
                text115                           14804    14804       32         0
                text114                           14B5E    14B5E       1C         0
                text113                           1476C    1476C       34         0
                text112                           14B42    14B42       1C         0
                text111                           14738    14738       34         0
                text110                           148EC    148EC       2C         0
                text109                           148C0    148C0       2C         0
                text108                           111DC    111DC      33C         0
                text107                           12660    12660      150         0
                text106                           10E8C    10E8C      350         0
                text105                           12FDE    12FDE       DC         0
                text104                           11832    11832      2D2         0
                text103                           14A10    14A10       28         0
                text101                           149E8    149E8       28         0
                text100                           14D56    14D56        C         0
                text99                            14C7A    14C7A       14         0
                text98                            14564    14564       42         0
                text97                            14D78    14D78        A         0
                text96                            14190    14190       54         0
                text95                            1449C    1449C       44         0
                text94                            13A94    13A94       94         0
                text93                            14702    14702       36         0
                text92                            13410    13410       C6         0
                text91                            14A38    14A38       26         0
                text90                            14658    14658       3A         0
                text89                            12F00    12F00       DE         0
                text88                            14C66    14C66       14         0
                text87                            143C4    143C4       4C         0
                text86                            14D48    14D48        E         0
                text85                            14D3A    14D3A        E         0
                text84                            14D2C    14D2C        E         0
                text83                            14D1E    14D1E        E         0
                text82                            14D10    14D10        E         0
                text81                            138D2    138D2       9A         0
                text80                            146CC    146CC       36         0
                text79                            14DB4    14DB4        4         0
                text78                            14BCA    14BCA       18         0
                text77                            14D02    14D02        E         0
                text76                            14CF4    14CF4        E         0
                text75                            14CE6    14CE6        E         0
                text74                            14CD8    14CD8        E         0
                text73                            12B4C    12B4C      102         0
                text72                            14B26    14B26       1C         0
                text71                            14C26    14C26       16         0
                text70                            14C10    14C10       16         0
                text69                            14CCA    14CCA        E         0
                text68                            14522    14522       42         0
                text67                            14CBC    14CBC        E         0
                text66                            14286    14286       50         0
                text65                            14B08    14B08       1E         0
                text64                            14CAE    14CAE        E         0
                text63                            14236    14236       50         0
                text62                            14CA0    14CA0        E         0
                text61                            147D2    147D2       32         0
                text60                            1461E    1461E       3A         0
                text59                            14C8E    14C8E       12         0
                text58                            14DB0    14DB0        4         0
                text57                            14DAC    14DAC        4         0
                text56                            14DA8    14DA8        4         0
                text55                            14DA4    14DA4        4         0
                text54                            14DA0    14DA0        4         0
                text53                            14D9C    14D9C        4         0
                text52                            14D82    14D82        8         0
                text51                            13792    13792       A2         0
                text50                            14456    14456       46         0
                text49                            14074    14074       64         0
                text48                            134D6    134D6       B6         0
                text47                            141E4    141E4       52         0
                text46                            1363C    1363C       AE         0
                text45                            13F32    13F32       70         0
                text44                            14138    14138       58         0
                text43                            13E3C    13E3C       7C         0
                text42                            13FA2    13FA2       6A         0
                text41                            140D8    140D8       60         0
                text40                            13DBE    13DBE       7E         0
                text39                            1400C    1400C       68         0
                text38                            12A2A    12A2A      122         0
                text37                            10B3A    10B3A      352         0
                text36                            12E22    12E22       DE         0
                text35                            13D3C    13D3C       82         0
                text34                            128F2    128F2      138         0
                text33                            13194    13194       DA         0
                text32                            149C0    149C0       28         0
                text31                            136EA    136EA       A8         0
                text30                            13EB8    13EB8       7A         0
                text29                            13A00    13A00       94         0
                text28                            11D7E    11D7E      26C         0
                text27                            14410    14410       46         0
                text26                            1396C    1396C       94         0
                text25                            13BB0    13BB0       86         0
                text24                            127B0    127B0      142         0
                text23                            1061C    1061C      51E         0
                text22                            13CBA    13CBA       82         0
                text21                            145E4    145E4       3A         0
                text20                            144E0    144E0       42         0
                text19                            13C36    13C36       84         0
                text18                            130BA    130BA       DA         0
                text17                            12478    12478      1E8         0
                text16                            1223A    1223A      23E         0
                text15                            13834    13834       9E         0
                text14                            12D44    12D44       DE         0
                text13                            11518    11518      31A         0
                text12                            1326E    1326E       D6         0
                text11                            147A0    147A0       32         0
                text10                            14BFA    14BFA       16         0
                text9                             14BB2    14BB2       18         0
                text8                             11B04    11B04      27A         0
                text7                             13B28    13B28       88         0
                text6                             14894    14894       2C         0
                text5                             14D6E    14D6E        A         0
                text4                             14868    14868       2C         0
                text3                             14AA8    14AA8       20         0
                text2                             12C4E    12C4E       F6         0
                text1                             14C52    14C52       14         0
                text0                             10000    10000      61C         0
                cinit                             14376    14376       4E         0
                idataBANK1                        14D62    14D62        B         0

        CLASS   CONST          

        CLASS   SMALLCONST     

        CLASS   MEDIUMCONST    
                mediumconst                        FEF6     FEF6      10A         0

        CLASS   COMRAM         
                temp                                 5C       5C        1         1
                cstackCOMRAM                          1        1       4B         1
                bssCOMRAM                            4C       4C       10         1

        CLASS   ABS1           

        CLASS   BIGRAM         

        CLASS   RAM            

        CLASS   BANK0          
                cstackBANK0                          60       60       73         1
                bssBANK0                             D3       D3       17         1
                nvBANK0                              EA       EA        3         1

        CLASS   BANK1          
                cstackBANK1                         1F0      1F0        A         1
                dataBANK1                           1E5      1E5        B         1
                bssBANK1                            100      100       BA         1
                nvBANK1                             1BA      1BA       2B         1

        CLASS   BANK2          
                cstackBANK2                         200      200        8         1

        CLASS   BANK3          

        CLASS   BANK4          

        CLASS   BANK5          

        CLASS   BANK6          

        CLASS   BANK7          

        CLASS   BANK8          

        CLASS   BANK9          

        CLASS   BANK10         

        CLASS   BANK11         

        CLASS   BANK12         

        CLASS   BANK13         

        CLASS   BANK14         

        CLASS   SFR            

        CLASS   FARRAM         

        CLASS   CONFIG         
                config                           300000   300000        C         0

        CLASS   IDLOC          
                idloc                            200000   200000       10         0

        CLASS   EEDATA         



SEGMENTS        Name                           Load    Length   Top    Selector   Space  Class

                reset_vec                      000000  000004  000004         0       0  CODE    
                cstackCOMRAM                   000001  00005C  00005D         1       1  COMRAM  
                intcode                        000008  00012E  000136         4       0  CODE    
                cstackBANK0                    000060  00008D  0000ED        60       1  BANK0   
                bssBANK1                       000100  0000FA  0001FA       100       1  BANK1   
                cstackBANK2                    000200  000008  000208       200       1  BANK2   
                mediumconst                    00FEF6  00010A  010000      7F7B       0  MEDIUMCO
                text0                          010000  004D6D  014D6D      8000       0  CODE    
                text5                          014D6E  00005E  014DCC      A6B7       0  CODE    
                idloc                          200000  000010  200010    200000       0  IDLOC   
                config                         300000  00000C  30000C    300000       0  CONFIG  


UNUSED ADDRESS RANGES

        Name                Unused          Largest block    Delta
        BANK0            0000ED-0000FF               13
        BANK1            0001FA-0001FF                6
        BANK10           000A00-000AFF              100
        BANK11           000B00-000BFF              100
        BANK12           000C00-000CFF              100
        BANK13           000D00-000DFF              100
        BANK14           000E00-000E87               88
        BANK2            000208-0002FF               F8
        BANK3            000300-0003FF              100
        BANK4            000400-0004FF              100
        BANK5            000500-0005FF              100
        BANK6            000600-0006FF              100
        BANK7            000700-0007FF              100
        BANK8            000800-0008FF              100
        BANK9            000900-0009FF              100
        BIGRAM           00005D-00005F                3
                         0000ED-0000FF               13
                         0001FA-0001FF                6
                         000208-000E87              C80
        CODE             000004-000007                4
                         000136-00FEF5             FDC0
                         014D6D-014D6D                1
                         014DCC-01FFFF             B234
        COMRAM           00005D-00005F                3
        CONST            000004-000007                4
                         000136-00FEF5             FDC0
                         014D6D-014D6D                1
                         014DCC-01FFFF             B234
        EEDATA           310000-3103FF              400
        MEDIUMCONST      000F00-00FEF5             EFF6
                         014D6D-014D6D                1
                         014DCC-01FFFF             B234
        RAM              0000ED-0000FF               13
                         0001FA-0001FF                6
                         000208-000E87              100
        SFR              000E8D-000FFF               73
        SMALLCONST       000F00-00FEF5              100
                         014D6D-014D6D                1
                         014DCC-01FFFF              100
        STACK            000208-000E87              C80

                                  Symbol Table

?_ADCC_GetSingleConversion                                      cstackBANK0  000072
?_ReadRegister16                                                cstackBANK0  00007B
?_TMR1_ReadTimer                                                cstackCOMRAM 000001
?_TMR3_ReadTimer                                                cstackCOMRAM 000001
?_VL53L0X_ReadRange_No_Wait                                     cstackBANK0  000092
?_VL53L0X_Read_Distance_No_Wait                                 cstackBANK0  00009B
?_VL53L0X_decodeTimeout                                         cstackBANK0  000092
?_VL53L0X_encodeTimeout                                         cstackBANK0  000072
?_VL53L0X_getMeasurementTimingBudget                            cstackBANK0  00009D
?_VL53L0X_timeoutMclksToMicroseconds                            cstackBANK0  00008B
?_VL53L0X_timeoutMicrosecondsToMclks                            cstackBANK0  00008B
?_Valeur_selection                                              cstackBANK0  000072
?___aldiv                                                       cstackCOMRAM 000009
?___awdiv                                                       cstackBANK0  000072
?___fladd                                                       cstackCOMRAM 000028
?___flmul                                                       cstackBANK0  000072
?___fltol                                                       cstackBANK0  00008B
?___lldiv                                                       cstackBANK0  00007E
?___lmul                                                        cstackBANK0  000072
?___lwdiv                                                       cstackBANK0  000072
?___lwmod                                                       cstackBANK0  000072
?___xxtofl                                                      cstackCOMRAM 000001
?i2___flmul                                                     cstackCOMRAM 00000F
?i2___fltol                                                     cstackCOMRAM 00003C
ADCC_GetSingleConversion@channel                                cstackBANK0  000076
Buzzer@on_off                                                   cstackBANK0  000072
Digital_read@io                                                 cstackBANK0  000072
EUSART1_SetErrorHandler@interruptHandler                        cstackBANK0  000072
EUSART1_SetFramingErrorHandler@interruptHandler                 cstackBANK0  000072
EUSART1_SetOverrunErrorHandler@interruptHandler                 cstackBANK0  000072
EUSART1_SetRxInterruptHandler@interruptHandler                  cstackBANK0  000072
EUSART1_SetTxInterruptHandler@interruptHandler                  cstackBANK0  000072
Ecrit_Valeur_selection@Val_sel                                  cstackBANK0  000072
I2C1_ISR@i2c_10bit_address_restart                              bssCOMRAM    000056
I2C1_ISR@i2c_address                                            bssCOMRAM    00005A
I2C1_ISR@i2c_bytes_left                                         bssCOMRAM    000057
I2C1_ISR@pi2c_buf_ptr                                           bssBANK0     0000DE
I2C1_MasterRead@trBlock                                         bssBANK1     0001AB
I2C1_MasterReadTRBBuild@address                                 cstackBANK0  000077
I2C1_MasterReadTRBBuild@length                                  cstackBANK0  000076
I2C1_MasterReadTRBBuild@pdata                                   cstackBANK0  000074
I2C1_MasterReadTRBBuild@ptrb                                    cstackBANK0  000072
I2C1_MasterTRBInsert@count                                      cstackBANK0  000077
I2C1_MasterTRBInsert@pflag                                      cstackBANK0  000074
I2C1_MasterTRBInsert@ptrb_list                                  cstackBANK0  000072
I2C1_MasterWrite@trBlock                                        bssBANK1     0001B0
I2C1_MasterWriteTRBBuild@address                                cstackBANK0  000077
I2C1_MasterWriteTRBBuild@length                                 cstackBANK0  000076
I2C1_MasterWriteTRBBuild@pdata                                  cstackBANK0  000074
I2C1_MasterWriteTRBBuild@ptrb                                   cstackBANK0  000072
I2C1_Stop@completion_code                                       cstackCOMRAM 000003
IOCAF5_SetInterruptHandler@InterruptHandler                     cstackBANK0  000072
IOCAF6_SetInterruptHandler@InterruptHandler                     cstackBANK0  000072
IOCAF7_SetInterruptHandler@InterruptHandler                     cstackBANK0  000072
IOCCF0_SetInterruptHandler@InterruptHandler                     cstackBANK0  000072
LCDvalue16fp@fp                                                 cstackBANK0  00007B
LCDvalue16fp@i                                                  cstackBANK0  00007C
LCDvalue16fp@v                                                  cstackBANK0  000079
LCDvalue_Boolean@v                                              cstackBANK0  000079
LCDvalue_laser_Range@i                                          cstackBANK0  0000A2
LCDvalue_laser_Range@v                                          cstackBANK0  0000A0
Motors@on_off                                                   cstackBANK0  000072
PWM1_LoadDutyValue@dutyValue                                    cstackCOMRAM 000001
PWM2_LoadDutyValue@dutyValue                                    cstackCOMRAM 000001
ReadRegister16@addr                                             cstackBANK0  00008E
ReadRegister16@readTRB                                          cstackBANK0  00007F
ReadRegister16@reg                                              cstackBANK0  00007B
ReadRegister16@regValue                                         cstackBANK0  00007D
ReadRegister16@regValueH                                        cstackBANK0  000090
ReadRegister16@regValueL                                        cstackBANK0  00008F
ReadRegister16@status                                           cstackBANK0  000091
ReadRegister@addr                                               cstackBANK0  00007C
ReadRegister@readTRB                                            cstackBANK0  00007D
ReadRegister@reg                                                cstackBANK0  00007B
ReadRegister@regValue                                           cstackBANK0  000087
ReadRegister@status                                             cstackBANK0  000088
ReadRegisters@addr                                              cstackBANK0  000083
ReadRegisters@dataAddress                                       cstackBANK0  00007B
ReadRegisters@nCount                                            cstackBANK0  00007E
ReadRegisters@pData                                             cstackBANK0  00007C
ReadRegisters@readTRB                                           cstackBANK0  000084
ReadRegisters@status                                            cstackBANK0  00008E
ReadRegisters@timeOut                                           cstackBANK0  00007F
ReadRegisters@writeBuffer                                       cstackBANK0  000081
Speed_Motors@Cons_Vit_Mot_D                                     cstackBANK0  000074
Speed_Motors@Cons_Vit_Mot_G                                     cstackBANK0  000072
TMR0_SetInterruptHandler@InterruptHandler                       cstackBANK0  000072
TMR1_ReadTimer@readVal                                          cstackCOMRAM 000005
TMR1_ReadTimer@readValHigh                                      cstackCOMRAM 000007
TMR1_ReadTimer@readValLow                                       cstackCOMRAM 000008
TMR1_SetInterruptHandler@InterruptHandler                       cstackBANK0  000072
TMR1_WriteTimer@timerVal                                        cstackCOMRAM 000001
TMR3_ReadTimer@readVal                                          cstackCOMRAM 000005
TMR3_ReadTimer@readValHigh                                      cstackCOMRAM 000007
TMR3_ReadTimer@readValLow                                       cstackCOMRAM 000008
TMR3_SetInterruptHandler@InterruptHandler                       cstackBANK0  000072
TMR3_WriteTimer@timerVal                                        cstackCOMRAM 000001
TMR4_SetInterruptHandler@InterruptHandler                       cstackBANK0  000072
VL53L0X_ClearStruct@p53                                         cstackBANK0  000072
VL53L0X_ContinuousReading@p53                                   cstackBANK0  00009A
VL53L0X_ContinuousReading@period_ms                             cstackBANK0  00009C
VL53L0X_DataInit@oldVal                                         cstackBANK0  0000AA
VL53L0X_DataInit@p53                                            cstackBANK0  0000A7
VL53L0X_GetSpadInfo@count                                       cstackBANK0  00008B
VL53L0X_GetSpadInfo@oldVal                                      cstackBANK0  000090
VL53L0X_GetSpadInfo@p53                                         cstackBANK0  000089
VL53L0X_GetSpadInfo@timeoutData                                 cstackBANK0  000091
VL53L0X_GetSpadInfo@tmp                                         cstackBANK0  00008F
VL53L0X_GetSpadInfo@typeIsAperture                              cstackBANK0  00008D
VL53L0X_Init@p53                                                cstackBANK0  0000CE
VL53L0X_InitDevices@i                                           cstackBANK0  0000D2
VL53L0X_PerformRefCalibration@p53                               cstackBANK0  000091
VL53L0X_ReadRange_No_Wait@p53                                   cstackBANK0  000092
VL53L0X_ReadRange_No_Wait@range                                 cstackBANK0  000095
VL53L0X_ReadRange_No_Wait@timeoutData                           cstackBANK0  000097
VL53L0X_Read_Distance_No_Wait@Num_laser                         cstackBANK0  00009D
VL53L0X_Read_Distance_No_Wait@tmp_Dist                          cstackBANK0  00009E
VL53L0X_ReadingHeader@p53                                       cstackBANK0  000086
VL53L0X_SetAddress@newAddr                                      cstackBANK0  000086
VL53L0X_SetGpioConfig@addr                                      cstackBANK0  00008A
VL53L0X_SetGpioConfig@oldVal                                    cstackBANK0  000089
VL53L0X_SetInterMeasurementPeriodMilliSeconds@osc_calibrate_val cstackBANK0  000098
VL53L0X_SetInterMeasurementPeriodMilliSeconds@p53               cstackBANK0  000092
VL53L0X_SetInterMeasurementPeriodMilliSeconds@period_ms         cstackBANK0  000094
VL53L0X_SetReferenceSpads@addr                                  cstackBANK0  00009C
VL53L0X_SetReferenceSpads@count                                 cstackBANK0  00008F
VL53L0X_SetReferenceSpads@firstSpadToEnable                     cstackBANK0  000098
VL53L0X_SetReferenceSpads@i                                     cstackBANK0  00009D
VL53L0X_SetReferenceSpads@spadMap                               cstackBANK0  000093
VL53L0X_SetReferenceSpads@spadsEnabled                          cstackBANK0  00009B
VL53L0X_SetReferenceSpads@typeIsAperture                        cstackBANK0  000091
VL53L0X_SetSignalRateLimit@addr                                 cstackBANK0  0000A6
VL53L0X_SetSignalRateLimit@limit_Mcps                           cstackBANK0  0000A2
VL53L0X_SetTimeout@p53                                          cstackBANK0  000072
VL53L0X_SetTimeout@timeout                                      cstackBANK0  000074
VL53L0X_StaticInit@p53                                          cstackBANK0  0000CC
VL53L0X_StaticInit@refSpadMap                                   cstackBANK1  0001F0
VL53L0X_StaticInit@spadCount                                    cstackBANK1  0001F6
VL53L0X_StaticInit@spadTypeIsAperture                           cstackBANK1  0001F7
VL53L0X_Tuning@addr                                             cstackBANK0  000088
VL53L0X_decodeTimeout@reg_val                                   cstackBANK0  000092
VL53L0X_encodeTimeout@ls_byte                                   cstackBANK0  00007A
VL53L0X_encodeTimeout@ms_byte                                   cstackBANK0  000078
VL53L0X_encodeTimeout@timeout_mclks                             cstackBANK0  000072
VL53L0X_getMeasurementTimingBudget@DssOverhead                  cstackBANK0  0000B5
VL53L0X_getMeasurementTimingBudget@EndOverhead                  cstackBANK0  0000AF
VL53L0X_getMeasurementTimingBudget@FinalRangeOverhead           cstackBANK0  0000B9
VL53L0X_getMeasurementTimingBudget@MsrcOverhead                 cstackBANK0  0000B1
VL53L0X_getMeasurementTimingBudget@PreRangeOverhead             cstackBANK0  0000B7
VL53L0X_getMeasurementTimingBudget@StartOverhead                cstackBANK0  0000AD
VL53L0X_getMeasurementTimingBudget@TccOverhead                  cstackBANK0  0000B3
VL53L0X_getMeasurementTimingBudget@budget_us                    cstackBANK0  0000BB
VL53L0X_getMeasurementTimingBudget@p53                          cstackBANK0  00009D
VL53L0X_getSequenceStepEnables@p53                              cstackBANK0  000089
VL53L0X_getSequenceStepEnables@sequence_config                  cstackBANK0  00008B
VL53L0X_getSequenceStepTimeouts@addr                            cstackBANK0  00009C
VL53L0X_getSequenceStepTimeouts@p53                             cstackBANK0  000098
VL53L0X_getVcselPulsePeriod@addr                                cstackBANK0  00008B
VL53L0X_getVcselPulsePeriod@type                                cstackBANK0  000089
VL53L0X_performSingleRefCalibration@p53                         cstackBANK0  000089
VL53L0X_performSingleRefCalibration@timeoutData                 cstackBANK0  00008D
VL53L0X_performSingleRefCalibration@vhv_init_byte               cstackBANK0  00008B
VL53L0X_setMeasurementTimingBudget@DssOverhead                  cstackBANK0  0000C0
VL53L0X_setMeasurementTimingBudget@EndOverhead                  cstackBANK0  0000BA
VL53L0X_setMeasurementTimingBudget@FinalRangeOverhead           cstackBANK0  0000C4
VL53L0X_setMeasurementTimingBudget@MinTimingBudget              cstackBANK0  0000B0
VL53L0X_setMeasurementTimingBudget@MsrcOverhead                 cstackBANK0  0000BC
VL53L0X_setMeasurementTimingBudget@PreRangeOverhead             cstackBANK0  0000C2
VL53L0X_setMeasurementTimingBudget@StartOverhead                cstackBANK0  0000B8
VL53L0X_setMeasurementTimingBudget@TccOverhead                  cstackBANK0  0000BE
VL53L0X_setMeasurementTimingBudget@final_range_timeout_mclks    cstackBANK0  0000C6
VL53L0X_setMeasurementTimingBudget@final_range_timeout_us       cstackBANK0  0000B4
VL53L0X_setMeasurementTimingBudget@p53                          cstackBANK0  0000A2
VL53L0X_setMeasurementTimingBudget@used_budget_us               cstackBANK0  0000C8
VL53L0X_timeoutMclksToMicroseconds@macro_period_ns              cstackBANK0  000093
VL53L0X_timeoutMclksToMicroseconds@timeout_period_mclks         cstackBANK0  00008B
VL53L0X_timeoutMclksToMicroseconds@vcsel_period_pclks           cstackBANK0  00008D
VL53L0X_timeoutMicrosecondsToMclks@macro_period_ns              cstackBANK0  000094
VL53L0X_timeoutMicrosecondsToMclks@timeout_period_us            cstackBANK0  00008B
VL53L0X_timeoutMicrosecondsToMclks@vcsel_period_pclks           cstackBANK0  00008F
WriteRegister16@addr                                            cstackBANK0  000098
WriteRegister16@reg                                             cstackBANK0  000095
WriteRegister16@status                                          cstackBANK0  0000A1
WriteRegister16@val                                             cstackBANK0  000096
WriteRegister16@writeBuffer                                     cstackBANK0  000099
WriteRegister16@writeTRB                                        cstackBANK0  00009C
WriteRegister32@addr                                            cstackBANK0  000080
WriteRegister32@reg                                             cstackBANK0  00007B
WriteRegister32@status                                          cstackBANK0  00008B
WriteRegister32@val                                             cstackBANK0  00007C
WriteRegister32@writeBuffer                                     cstackBANK0  000081
WriteRegister32@writeTRB                                        cstackBANK0  000086
WriteRegister@addr                                              cstackBANK0  00007D
WriteRegister@reg                                               cstackBANK0  00007B
WriteRegister@status                                            cstackBANK0  000085
WriteRegister@val                                               cstackBANK0  00007C
WriteRegister@writeBuffer                                       cstackBANK0  00007E
WriteRegister@writeTRB                                          cstackBANK0  000080
WriteRegisters@addr                                             cstackBANK0  000083
WriteRegisters@dataAddress                                      cstackBANK0  00007B
WriteRegisters@nCount                                           cstackBANK0  00007E
WriteRegisters@pData                                            cstackBANK0  00007C
WriteRegisters@status                                           cstackBANK0  00008E
WriteRegisters@timeOut                                          cstackBANK0  00007F
WriteRegisters@writeBuffer                                      cstackBANK0  000081
WriteRegisters@writeTRB                                         cstackBANK0  000084
_ADACCH                                                         (abs)        000F71
_ADACCL                                                         (abs)        000F70
_ADACQ                                                          (abs)        000F5C
_ADACT                                                          (abs)        000F56
_ADCAP                                                          (abs)        000F5D
_ADCC_GetSingleConversion                                       text101      0149E8
_ADCC_Initialize                                                text87       0143C4
_ADCLK                                                          (abs)        000F57
_ADCNT                                                          (abs)        000F67
_ADCON0                                                         (abs)        000F60
_ADCON0bits                                                     (abs)        000F60
_ADCON1                                                         (abs)        000F59
_ADCON1bits                                                     (abs)        000F59
_ADCON2                                                         (abs)        000F5A
_ADCON2bits                                                     (abs)        000F5A
_ADCON3                                                         (abs)        000F5B
_ADCON3bits                                                     (abs)        000F5B
_ADERRH                                                         (abs)        000F6F
_ADERRL                                                         (abs)        000F6E
_ADFLTRH                                                        (abs)        000F73
_ADFLTRL                                                        (abs)        000F72
_ADLTHH                                                         (abs)        000F6B
_ADLTHL                                                         (abs)        000F6A
_ADPCH                                                          (abs)        000F5F
_ADPRE                                                          (abs)        000F5E
_ADPREVH                                                        (abs)        000F62
_ADPREVL                                                        (abs)        000F61
_ADREF                                                          (abs)        000F58
_ADRESH                                                         (abs)        000F64
_ADRESL                                                         (abs)        000F63
_ADRPT                                                          (abs)        000F66
_ADSTAT                                                         (abs)        000F65
_ADSTATbits                                                     (abs)        000F65
_ADSTPTH                                                        (abs)        000F69
_ADSTPTL                                                        (abs)        000F68
_ADUTHH                                                         (abs)        000F6D
_ADUTHL                                                         (abs)        000F6C
_ANSELA                                                         (abs)        000F11
_ANSELB                                                         (abs)        000F19
_ANSELC                                                         (abs)        000F21
_ANSELD                                                         (abs)        000F26
_ANSELE                                                         (abs)        000F2E
_Ancienne_Erreur_Vitesse_Moteur_D                               bssBANK1     00012C
_Ancienne_Erreur_Vitesse_Moteur_G                               bssBANK1     00012E
_BAUD1CON                                                       (abs)        000F9F
_BP_selection                                                   text100      014D56
_Buzzer                                                         text99       014C7A
_CCP1CON                                                        (abs)        000FAC
_CCP1CONbits                                                    (abs)        000FAC
_CCP2CON                                                        (abs)        000FA8
_CCP2CONbits                                                    (abs)        000FA8
_CCPR1H                                                         (abs)        000FAB
_CCPR1L                                                         (abs)        000FAA
_CCPR2H                                                         (abs)        000FA7
_CCPR2L                                                         (abs)        000FA6
_CCPTMRSbits                                                    (abs)        000FAE
_Consigne_Vitesse_Moteur_D                                      bssBANK1     000130
_Consigne_Vitesse_Moteur_G                                      bssBANK1     000132
_DMD                                                            bssBANK1     000118
_DMG                                                            bssBANK1     00011C
_Digital_read                                                   text98       014564
_EUSART1_DefaultErrorHandler                                    text143      014D96
_EUSART1_DefaultFramingErrorHandler                             text142      014DCA
_EUSART1_DefaultOverrunErrorHandler                             text141      014D90
_EUSART1_ErrorHandler                                           nvBANK1      0001C3
_EUSART1_FramingErrorHandler                                    nvBANK1      0001C9
_EUSART1_Initialize                                             text81       0138D2
_EUSART1_OverrunErrorHandler                                    nvBANK1      0001C6
_EUSART1_Receive_ISR                                            text140      01358C
_EUSART1_RxDataHandler                                          text144      014A5E
_EUSART1_RxDefaultInterruptHandler                              nvBANK1      0001DB
_EUSART1_SetErrorHandler                                        text86       014D48
_EUSART1_SetFramingErrorHandler                                 text85       014D3A
_EUSART1_SetOverrunErrorHandler                                 text84       014D2C
_EUSART1_SetRxInterruptHandler                                  text83       014D1E
_EUSART1_SetTxInterruptHandler                                  text82       014D10
_EUSART1_Transmit_ISR                                           text139      014836
_EUSART1_TxDefaultInterruptHandler                              nvBANK1      0001DE
_Ecrit_Valeur_selection                                         text97       014D78
_Erreur_Vitesse_Moteur_D                                        bssBANK0     0000DA
_Erreur_Vitesse_Moteur_G                                        bssBANK0     0000DC
_GIE                                                            (abs)        007F97
_I2C1_BusCollisionISR                                           text138      014D8A
_I2C1_FunctionComplete                                          text137      014BE2
_I2C1_ISR                                                       text135      011FEA
_I2C1_Initialize                                                text80       0146CC
_I2C1_MasterReadTRBBuild                                        text47       0141E4
_I2C1_MasterTRBInsert                                           text51       013792
_I2C1_MasterWriteTRBBuild                                       text50       014456
_I2C1_Stop                                                      text136      0145A6
_I2C1_WaitForLastPacketToComplete                               text52       014D82
_INLVLA                                                         (abs)        000F0D
_INLVLB                                                         (abs)        000F15
_INLVLC                                                         (abs)        000F1D
_INLVLD                                                         (abs)        000F22
_INLVLE                                                         (abs)        000F2A
_INTCONbits                                                     (abs)        000FF2
_INTERRUPT_Initialize                                           text79       014DB4
_INTERRUPT_InterruptManager                                     intcode      000008
_IOCAF5_DefaultInterruptHandler                                 text129      014326
_IOCAF5_ISR                                                     text128      014996
_IOCAF5_InterruptHandler                                        nvBANK1      0001D8
_IOCAF5_SetInterruptHandler                                     text77       014D02
_IOCAF6_DefaultInterruptHandler                                 text127      014692
_IOCAF6_ISR                                                     text126      01496C
_IOCAF6_InterruptHandler                                        nvBANK1      0001D5
_IOCAF6_SetInterruptHandler                                     text76       014CF4
_IOCAF7_DefaultInterruptHandler                                 text125      014DC8
_IOCAF7_ISR                                                     text124      014942
_IOCAF7_InterruptHandler                                        nvBANK1      0001D2
_IOCAF7_SetInterruptHandler                                     text75       014CE6
_IOCAFbits                                                      (abs)        000F0A
_IOCANbits                                                      (abs)        000F0B
_IOCAPbits                                                      (abs)        000F0C
_IOCCF0_DefaultInterruptHandler                                 text119      0142D6
_IOCCF0_ISR                                                     text118      014918
_IOCCF0_InterruptHandler                                        nvBANK1      0001CF
_IOCCF0_SetInterruptHandler                                     text74       014CD8
_IOCCFbits                                                      (abs)        000F1A
_IOCCNbits                                                      (abs)        000F1B
_IOCCPbits                                                      (abs)        000F1C
_LASER0_SetHigh                                                 text58       014DB0
_LASER0_SetLow                                                  text57       014DAC
_LASER1_SetHigh                                                 text56       014DA8
_LASER1_SetLow                                                  text55       014DA4
_LASER2_SetHigh                                                 text54       014DA0
_LASER2_SetLow                                                  text53       014D9C
_LATA                                                           (abs)        000F83
_LATAbits                                                       (abs)        000F83
_LATB                                                           (abs)        000F84
_LATBbits                                                       (abs)        000F84
_LATC                                                           (abs)        000F85
_LATCbits                                                       (abs)        000F85
_LATD                                                           (abs)        000F86
_LATDbits                                                       (abs)        000F86
_LATE                                                           (abs)        000F87
_LATEbits                                                       (abs)        000F87
_LCDvalue16fp                                                   text92       013410
_LCDvalue_Boolean                                               text91       014A38
_LCDvalue_laser_Range                                           text89       012F00
_Motors                                                         text88       014C66
_NVMADRH                                                        (abs)        000F7F
_NVMADRL                                                        (abs)        000F7E
_NVMCON1bits                                                    (abs)        000F81
_NVMCON2                                                        (abs)        000F82
_NVMDAT                                                         (abs)        000F80
_ODCONA                                                         (abs)        000F0F
_ODCONB                                                         (abs)        000F17
_ODCONC                                                         (abs)        000F1F
_ODCOND                                                         (abs)        000F24
_ODCONE                                                         (abs)        000F2C
_OSCCON1                                                        (abs)        000ED8
_OSCCON3                                                        (abs)        000EDA
_OSCEN                                                          (abs)        000EDC
_OSCFRQ                                                         (abs)        000EDE
_OSCILLATOR_Initialize                                          text78       014BCA
_OSCTUNE                                                        (abs)        000EDD
_PIE0bits                                                       (abs)        000EC2
_PIE3bits                                                       (abs)        000EC5
_PIE4bits                                                       (abs)        000EC6
_PIN_MANAGER_IOC                                                text117      014A84
_PIN_MANAGER_Initialize                                         text73       012B4C
_PIR0bits                                                       (abs)        000ECA
_PIR3bits                                                       (abs)        000ECD
_PIR4bits                                                       (abs)        000ECE
_PMD0                                                           (abs)        000EE1
_PMD1                                                           (abs)        000EE2
_PMD2                                                           (abs)        000EE3
_PMD3                                                           (abs)        000EE4
_PMD4                                                           (abs)        000EE5
_PMD5                                                           (abs)        000EE6
_PMD_Initialize                                                 text72       014B26
_PORTAbits                                                      (abs)        000F8D
_PORTBbits                                                      (abs)        000F8E
_PORTDbits                                                      (abs)        000F90
_PORTEbits                                                      (abs)        000F91
_PR2                                                            (abs)        000FBC
_PR4                                                            (abs)        000FB6
_PWM1_Initialize                                                text71       014C26
_PWM1_LoadDutyValue                                             text110      0148EC
_PWM2_Initialize                                                text70       014C10
_PWM2_LoadDutyValue                                             text109      0148C0
_R0                                                             bssBANK1     000124
_R1                                                             bssBANK1     000120
_RC1PPS                                                         (abs)        000EF8
_RC1REG                                                         (abs)        000F99
_RC1STA                                                         (abs)        000F9D
_RC1STAbits                                                     (abs)        000F9D
_RC2PPS                                                         (abs)        000EF9
_RC3PPS                                                         (abs)        000EFA
_RC4PPS                                                         (abs)        000EFB
_RC6PPS                                                         (abs)        000EFD
_RX1PPS                                                         (abs)        000EB5
_ReadRegister                                                   text40       013DBE
_ReadRegister16                                                 text46       01363C
_ReadRegisters                                                  text29       013A00
_SLRCONA                                                        (abs)        000F0E
_SLRCONB                                                        (abs)        000F16
_SLRCONC                                                        (abs)        000F1E
_SLRCOND                                                        (abs)        000F23
_SLRCONE                                                        (abs)        000F2B
_SP1BRGH                                                        (abs)        000F9C
_SP1BRGL                                                        (abs)        000F9B
_SSP1ADD                                                        (abs)        000F93
_SSP1BUF                                                        (abs)        000F92
_SSP1CLKPPS                                                     (abs)        000EB7
_SSP1CON1                                                       (abs)        000F96
_SSP1CON1bits                                                   (abs)        000F96
_SSP1CON2bits                                                   (abs)        000F97
_SSP1CON3                                                       (abs)        000F98
_SSP1DATPPS                                                     (abs)        000EB8
_SSP1STAT                                                       (abs)        000F95
_SYSTEM_Initialize                                              text60       01461E
_Sigma_Erreur_Vitesse_Moteur_D                                  dataBANK1    0001EC
_Sigma_Erreur_Vitesse_Moteur_G                                  dataBANK1    0001EE
_Speed_Motors                                                   text59       014C8E
_T0CON0                                                         (abs)        000FD5
_T0CON0bits                                                     (abs)        000FD5
_T0CON1                                                         (abs)        000FD6
_T1CLK                                                          (abs)        000FD2
_T1CON                                                          (abs)        000FCF
_T1CONbits                                                      (abs)        000FCF
_T1GATE                                                         (abs)        000FD1
_T1GCON                                                         (abs)        000FD0
_T1GCONbits                                                     (abs)        000FD0
_T2CLKCON                                                       (abs)        000FBF
_T2CON                                                          (abs)        000FBD
_T2CONbits                                                      (abs)        000FBD
_T2HLT                                                          (abs)        000FBE
_T2HLTbits                                                      (abs)        000FBE
_T2PR                                                           (abs)        000FBC
_T2RST                                                          (abs)        000FC0
_T2RSTbits                                                      (abs)        000FC0
_T2TMR                                                          (abs)        000FBB
_T3CLK                                                          (abs)        000FCC
_T3CON                                                          (abs)        000FC9
_T3CONbits                                                      (abs)        000FC9
_T3GATE                                                         (abs)        000FCB
_T3GCON                                                         (abs)        000FCA
_T3GCONbits                                                     (abs)        000FCA
_T4CLKCON                                                       (abs)        000FB9
_T4CON                                                          (abs)        000FB7
_T4CONbits                                                      (abs)        000FB7
_T4HLT                                                          (abs)        000FB8
_T4HLTbits                                                      (abs)        000FB8
_T4PR                                                           (abs)        000FB6
_T4RST                                                          (abs)        000FBA
_T4RSTbits                                                      (abs)        000FBA
_T4TMR                                                          (abs)        000FB5
_TMR0H                                                          (abs)        000FD4
_TMR0L                                                          (abs)        000FD3
_TMR0_DefaultInterruptHandler                                   text116      014C3C
_TMR0_ISR                                                       text115      014804
_TMR0_Initialize                                                text68       014522
_TMR0_InterruptHandler                                          nvBANK1      0001CC
_TMR0_SetInterruptHandler                                       text69       014CCA
_TMR1H                                                          (abs)        000FCE
_TMR1L                                                          (abs)        000FCD
_TMR1_DefaultInterruptHandler                                   text114      014B5E
_TMR1_ISR                                                       text113      01476C
_TMR1_Initialize                                                text66       014286
_TMR1_InterruptHandler                                          nvBANK1      0001BD
_TMR1_ReadTimer                                                 text134      014AE8
_TMR1_SetInterruptHandler                                       text67       014CBC
_TMR1_StartTimer                                                text133      014DC4
_TMR1_StopTimer                                                 text132      014DC0
_TMR1_WriteTimer                                                text131      014B96
_TMR2                                                           (abs)        000FBB
_TMR2_Initialize                                                text65       014B08
_TMR3H                                                          (abs)        000FC8
_TMR3L                                                          (abs)        000FC7
_TMR3_DefaultInterruptHandler                                   text112      014B42
_TMR3_ISR                                                       text111      014738
_TMR3_Initialize                                                text63       014236
_TMR3_InterruptHandler                                          nvBANK1      0001BA
_TMR3_ReadTimer                                                 text123      014AC8
_TMR3_SetInterruptHandler                                       text64       014CAE
_TMR3_StartTimer                                                text122      014DBC
_TMR3_StopTimer                                                 text121      014DB8
_TMR3_WriteTimer                                                text120      014B7A
_TMR4                                                           (abs)        000FB5
_TMR4_DefaultInterruptHandler                                   text104      011832
_TMR4_DefaultInterruptHandler$5406                              cstackCOMRAM 000048
_TMR4_ISR                                                       text103      014A10
_TMR4_Initialize                                                text61       0147D2
_TMR4_InterruptHandler                                          nvBANK1      0001C0
_TMR4_SetInterruptHandler                                       text62       014CA0
_TRISA                                                          (abs)        000F88
_TRISB                                                          (abs)        000F89
_TRISC                                                          (abs)        000F8A
_TRISD                                                          (abs)        000F8B
_TRISE                                                          (abs)        000F8C
_TX1REG                                                         (abs)        000F9A
_TX1STA                                                         (abs)        000F9E
_TX1STAbits                                                     (abs)        000F9E
_VL53L0X_ClearStruct                                            text41       0140D8
_VL53L0X_ContinuousReading                                      text42       013FA2
_VL53L0X_DataInit                                               text34       0128F2
_VL53L0X_GetSpadInfo                                            text28       011D7E
_VL53L0X_Init                                                   text11       0147A0
_VL53L0X_InitDevices                                            text8        011B04
_VL53L0X_PerformRefCalibration                                  text30       013EB8
_VL53L0X_ReadRange_No_Wait                                      text7        013B28
_VL53L0X_Read_Distance_No_Wait                                  text6        014894
_VL53L0X_ReadingHeader                                          text48       0134D6
_VL53L0X_SetAddress                                             text10       014BFA
_VL53L0X_SetGpioConfig                                          text27       014410
_VL53L0X_SetInterMeasurementPeriodMilliSeconds                  text43       013E3C
_VL53L0X_SetReferenceSpads                                      text24       0127B0
_VL53L0X_SetReferenceSpads$478                                  cstackBANK0  000099
_VL53L0X_SetSignalRateLimit                                     text35       013D3C
_VL53L0X_SetTimeout                                             text9        014BB2
_VL53L0X_StaticInit                                             text12       01326E
_VL53L0X_Tuning                                                 text23       01061C
_VL53L0X_decodeTimeout                                          text21       0145E4
_VL53L0X_encodeTimeout                                          text15       013834
_VL53L0X_getMeasurementTimingBudget                             text16       01223A
_VL53L0X_getSequenceStepEnables                                 text22       013CBA
_VL53L0X_getSequenceStepTimeouts                                text17       012478
_VL53L0X_getVcselPulsePeriod                                    text20       0144E0
_VL53L0X_performSingleRefCalibration                            text31       0136EA
_VL53L0X_setMeasurementTimingBudget                             text13       011518
_VL53L0X_timeoutMclksToMicroseconds                             text18       0130BA
_VL53L0X_timeoutMicrosecondsToMclks                             text14       012D44
_Valeur_selection                                               text5        014D6E
_Vitesse_Moteur_D                                               bssBANK0     0000E0
_Vitesse_Moteur_G                                               bssBANK0     0000E2
_WPUA                                                           (abs)        000F10
[...]
      Temps:          0       0       0       0       0       0       0       0       0       0       0       0       0       0       0       0
      Totals:         0       0       0       0       0       0       0       0       0       0       0       0       0       0       0       0
Total ram usage:        0 bytes
 Hardware stack levels used:    1
 This function calls:
		Nothing
 This function is called by:
		_INTERRUPT_InterruptManager
 This function uses a non-reentrant model


 *************** function _EUSART1_Transmit_ISR *****************
 Defined at:
		line 194 in file "mcc_generated_files/eusart1.c"
 Parameters:    Size  Location     Type
		None
 Auto vars:     Size  Location     Type
		None
 Return value:  Size  Location     Type
                  1    wreg      void 
 Registers used:
		wreg, fsr2l, fsr2h, status,2, status,0, prodl, prodh
 Tracked objects:
		On entry : 
		On exit  : 
		Unchanged: 
 Data sizes:     COMRAM   BANK0   BANK1   BANK2   BANK3   BANK4   BANK5   BANK6   BANK7   BANK8   BANK9  BANK10  BANK11  BANK12  BANK13  BANK14
      Params:         0       0       0       0       0       0       0       0       0       0       0       0       0       0       0       0
      Locals:         0       0       0       0       0       0       0       0       0       0       0       0       0       0       0       0
      Temps:          0       0       0       0       0       0       0       0       0       0       0       0       0       0       0       0
      Totals:         0       0       0       0       0       0       0       0       0       0       0       0       0       0       0       0
Total ram usage:        0 bytes
 Hardware stack levels used:    1
 This function calls:
		Nothing
 This function is called by:
		_EUSART1_Initialize
		_INTERRUPT_InterruptManager
 This function uses a non-reentrant model


 *************** function _EUSART1_Receive_ISR *****************
 Defined at:
		line 213 in file "mcc_generated_files/eusart1.c"
 Parameters:    Size  Location     Type
		None
 Auto vars:     Size  Location     Type
		None
 Return value:  Size  Location     Type
                  1    wreg      void 
 Registers used:
		wreg, fsr2l, fsr2h, status,2, status,0, pclath, tosl, prodl, prodh, cstack
 Tracked objects:
		On entry : 
		On exit  : 
		Unchanged: 
 Data sizes:     COMRAM   BANK0   BANK1   BANK2   BANK3   BANK4   BANK5   BANK6   BANK7   BANK8   BANK9  BANK10  BANK11  BANK12  BANK13  BANK14
      Params:         0       0       0       0       0       0       0       0       0       0       0       0       0       0       0       0
      Locals:         0       0       0       0       0       0       0       0       0       0       0       0       0       0       0       0
      Temps:          0       0       0       0       0       0       0       0       0       0       0       0       0       0       0       0
      Totals:         0       0       0       0       0       0       0       0       0       0       0       0       0       0       0       0
Total ram usage:        0 bytes
 Hardware stack levels used:    1
 Hardware stack levels required when called:    2
 This function calls:
		Absolute function
		_EUSART1_DefaultErrorHandler
		_EUSART1_DefaultFramingErrorHandler
		_EUSART1_DefaultOverrunErrorHandler
		_EUSART1_RxDataHandler
 This function is called by:
		_EUSART1_Initialize
		_INTERRUPT_InterruptManager
 This function uses a non-reentrant model


 *************** function _EUSART1_DefaultOverrunErrorHandler *****************
 Defined at:
		line 249 in file "mcc_generated_files/eusart1.c"
 Parameters:    Size  Location     Type
		None
 Auto vars:     Size  Location     Type
		None
 Return value:  Size  Location     Type
                  1    wreg      void 
 Registers used:
		None
 Tracked objects:
		On entry : 
		On exit  : 
		Unchanged: 
 Data sizes:     COMRAM   BANK0   BANK1   BANK2   BANK3   BANK4   BANK5   BANK6   BANK7   BANK8   BANK9  BANK10  BANK11  BANK12  BANK13  BANK14
      Params:         0       0       0       0       0       0       0       0       0       0       0       0       0       0       0       0
      Locals:         0       0       0       0       0       0       0       0       0       0       0       0       0       0       0       0
      Temps:          0       0       0       0       0       0       0       0       0       0       0       0       0       0       0       0
      Totals:         0       0       0       0       0       0       0       0       0       0       0       0       0       0       0       0
Total ram usage:        0 bytes
 Hardware stack levels used:    1
 This function calls:
		Nothing
 This function is called by:
		_EUSART1_Initialize
		_EUSART1_Receive_ISR
 This function uses a non-reentrant model


 *************** function _EUSART1_DefaultFramingErrorHandler *****************
 Defined at:
		line 247 in file "mcc_generated_files/eusart1.c"
 Parameters:    Size  Location     Type
		None
 Auto vars:     Size  Location     Type
		None
 Return value:  Size  Location     Type
                  1    wreg      void 
 Registers used:
		None
 Tracked objects:
		On entry : 
		On exit  : 
		Unchanged: 
 Data sizes:     COMRAM   BANK0   BANK1   BANK2   BANK3   BANK4   BANK5   BANK6   BANK7   BANK8   BANK9  BANK10  BANK11  BANK12  BANK13  BANK14
      Params:         0       0       0       0       0       0       0       0       0       0       0       0       0       0       0       0
      Locals:         0       0       0       0       0       0       0       0       0       0       0       0       0       0       0       0
      Temps:          0       0       0       0       0       0       0       0       0       0       0       0       0       0       0       0
      Totals:         0       0       0       0       0       0       0       0       0       0       0       0       0       0       0       0
Total ram usage:        0 bytes
 Hardware stack levels used:    1
 This function calls:
		Nothing
 This function is called by:
		_EUSART1_Initialize
		_EUSART1_Receive_ISR
 This function uses a non-reentrant model


 *************** function _EUSART1_DefaultErrorHandler *****************
 Defined at:
		line 257 in file "mcc_generated_files/eusart1.c"
 Parameters:    Size  Location     Type
		None
 Auto vars:     Size  Location     Type
		None
 Return value:  Size  Location     Type
                  1    wreg      void 
 Registers used:
		wreg, fsr2l, fsr2h, status,2, status,0, prodl, prodh, cstack
 Tracked objects:
		On entry : 
		On exit  : 
		Unchanged: 
 Data sizes:     COMRAM   BANK0   BANK1   BANK2   BANK3   BANK4   BANK5   BANK6   BANK7   BANK8   BANK9  BANK10  BANK11  BANK12  BANK13  BANK14
      Params:         0       0       0       0       0       0       0       0       0       0       0       0       0       0       0       0
      Locals:         0       0       0       0       0       0       0       0       0       0       0       0       0       0       0       0
      Temps:          0       0       0       0       0       0       0       0       0       0       0       0       0       0       0       0
      Totals:         0       0       0       0       0       0       0       0       0       0       0       0       0       0       0       0
Total ram usage:        0 bytes
 Hardware stack levels used:    1
 Hardware stack levels required when called:    1
 This function calls:
		_EUSART1_RxDataHandler
 This function is called by:
		_EUSART1_Initialize
		_EUSART1_Receive_ISR
 This function uses a non-reentrant model


 *************** function _EUSART1_RxDataHandler *****************
 Defined at:
		line 237 in file "mcc_generated_files/eusart1.c"
 Parameters:    Size  Location     Type
		None
 Auto vars:     Size  Location     Type
		None
 Return value:  Size  Location     Type
                  1    wreg      void 
 Registers used:
		wreg, fsr2l, fsr2h, status,2, status,0, prodl, prodh
 Tracked objects:
		On entry : 
		On exit  : 
		Unchanged: 
 Data sizes:     COMRAM   BANK0   BANK1   BANK2   BANK3   BANK4   BANK5   BANK6   BANK7   BANK8   BANK9  BANK10  BANK11  BANK12  BANK13  BANK14
      Params:         0       0       0       0       0       0       0       0       0       0       0       0       0       0       0       0
      Locals:         0       0       0       0       0       0       0       0       0       0       0       0       0       0       0       0
      Temps:          0       0       0       0       0       0       0       0       0       0       0       0       0       0       0       0
      Totals:         0       0       0       0       0       0       0       0       0       0       0       0       0       0       0       0
Total ram usage:        0 bytes
 Hardware stack levels used:    1
 This function calls:
		Nothing
 This function is called by:
		_EUSART1_Receive_ISR
		_EUSART1_DefaultErrorHandler
 This function uses a non-reentrant model



MODULE INFORMATION

Module		Function		Class		Link	Load	Size
C:\Program Files (x86)\Microchip\xc8\v1.45\sources\common\flge.c
		___flge        		CODE           	12A2A	0000	291

C:\Program Files (x86)\Microchip\xc8\v1.45\sources\common\flge.c estimated size: 291

drivers/LCD.c
		_lcdNibble     		CODE           	13A94	0000	149
		_retroLCD      		CODE           	14C52	0000	21
		_printLCD      		CODE           	14658	0000	59
		_writeLCD      		CODE           	14702	0000	55
		_initLCD       		CODE           	12C4E	0000	247
		_clearLCD      		CODE           	14AA8	0000	33
		_gotoLCD       		CODE           	14868	0000	45

drivers/LCD.c estimated size: 609

mcc_generated_files/tmr4.c
		_TMR4_ISR      		CODE           	14A10	0000	41
		_TMR4_Initialize		CODE           	147D2	0000	51
		_TMR4_SetInterruptHandler		CODE           	14CA0	0000	15
		_TMR4_DefaultInterruptHandler		CODE           	11832	0000	723

mcc_generated_files/tmr4.c estimated size: 830

mcc_generated_files/tmr2.c
		_TMR2_Initialize		CODE           	14B08	0000	31

mcc_generated_files/tmr2.c estimated size: 31

mcc_generated_files/interrupt_manager.c
		_INTERRUPT_Initialize		CODE           	14DB4	0000	5
		_INTERRUPT_InterruptManager		CODE           	0008	0000	299

mcc_generated_files/interrupt_manager.c estimated size: 304

mcc_generated_files/pwm2.c
		_PWM2_Initialize		CODE           	14C10	0000	23
		_PWM2_LoadDutyValue		CODE           	148C0	0000	45

mcc_generated_files/pwm2.c estimated size: 68

mcc_generated_files/tmr0.c
		_TMR0_SetInterruptHandler		CODE           	14CCA	0000	15
		_TMR0_DefaultInterruptHandler		CODE           	14C3C	0000	23
		_TMR0_ISR      		CODE           	14804	0000	51
		_TMR0_Initialize		CODE           	14522	0000	67

mcc_generated_files/tmr0.c estimated size: 156

mcc_generated_files/i2c1.c
		_I2C1_BusCollisionISR		CODE           	14D8A	0000	7
		_I2C1_FunctionComplete		CODE           	14BE2	0000	25
		_I2C1_MasterWriteTRBBuild		CODE           	14456	0000	71
		_I2C1_ISR      		CODE           	11FEA	0000	593
		_I2C1_Initialize		CODE           	146CC	0000	55
		_I2C1_Stop     		CODE           	145A6	0000	63
		_I2C1_MasterReadTRBBuild		CODE           	141E4	0000	83
		_I2C1_WaitForLastPacketToComplete		CODE           	14D82	0000	9
		_I2C1_MasterTRBInsert		CODE           	13792	0000	163

mcc_generated_files/i2c1.c estimated size: 1069

mcc_generated_files/pin_manager.c
		_IOCAF6_ISR    		CODE           	1496C	0000	43
		_IOCAF5_SetInterruptHandler		CODE           	14D02	0000	15
		_IOCCF0_DefaultInterruptHandler		CODE           	142D6	0000	81
		_PIN_MANAGER_Initialize		CODE           	12B4C	0000	259
		_IOCCF0_ISR    		CODE           	14918	0000	43
		_IOCAF7_DefaultInterruptHandler		CODE           	14DC8	0000	3
		_IOCAF7_ISR    		CODE           	14942	0000	43
		_IOCAF6_SetInterruptHandler		CODE           	14CF4	0000	15
		_IOCCF0_SetInterruptHandler		CODE           	14CD8	0000	15
		_IOCAF5_DefaultInterruptHandler		CODE           	14326	0000	81
		_IOCAF5_ISR    		CODE           	14996	0000	43
		_PIN_MANAGER_IOC		CODE           	14A84	0000	37
		_IOCAF7_SetInterruptHandler		CODE           	14CE6	0000	15
		_IOCAF6_DefaultInterruptHandler		CODE           	14692	0000	59

mcc_generated_files/pin_manager.c estimated size: 752

drivers/vl53l0x.c
		_start_msTimeout		CODE           	149C0	0000	41
		_LASER0_SetHigh		CODE           	14DB0	0000	5
		_VL53L0X_SetGpioConfig		CODE           	14410	0000	71
		_VL53L0X_StaticInit		CODE           	1326E	0000	215
		_VL53L0X_SetInterMeasurementPeriodMilliSeconds		CODE           	13E3C	0000	125
		_VL53L0X_ReadingHeader		CODE           	134D6	0000	183
		_VL53L0X_performSingleRefCalibration		CODE           	136EA	0000	169
		_WriteRegister 		CODE           	14074	0000	101
		_VL53L0X_PerformRefCalibration		CODE           	13EB8	0000	123
		_VL53L0X_SetAddress		CODE           	14BFA	0000	23
		_LASER1_SetLow 		CODE           	14DA4	0000	5
		_WriteRegisters		CODE           	1396C	0000	149
		_VL53L0X_SetTimeout		CODE           	14BB2	0000	25
		_VL53L0X_SetSignalRateLimit		CODE           	13D3C	0000	131
		_WriteRegister32		CODE           	13F32	0000	113
		_WriteRegister16		CODE           	1400C	0000	105
		_LASER1_SetHigh		CODE           	14DA8	0000	5
		_VL53L0X_getSequenceStepEnables		CODE           	13CBA	0000	131
		_VL53L0X_Init  		CODE           	147A0	0000	51
		_VL53L0X_timeoutMicrosecondsToMclks		CODE           	12D44	0000	223
		_VL53L0X_GetSpadInfo		CODE           	11D7E	0000	621
		_VL53L0X_SetReferenceSpads		CODE           	127B0	0000	323
		_VL53L0X_ReadRange_No_Wait		CODE           	13B28	0000	137
		_VL53L0X_DataInit		CODE           	128F2	0000	313
		_LASER2_SetLow 		CODE           	14D9C	0000	5
		_checkTimeoutExpired		CODE           	13194	0000	219
		_VL53L0X_decodeTimeout		CODE           	145E4	0000	59
		_VL53L0X_encodeTimeout		CODE           	13834	0000	159
		_VL53L0X_timeoutMclksToMicroseconds		CODE           	130BA	0000	219
		_VL53L0X_getMeasurementTimingBudget		CODE           	1223A	0000	575
		_VL53L0X_setMeasurementTimingBudget		CODE           	11518	0000	795
		_ReadRegister  		CODE           	13DBE	0000	127
		_VL53L0X_Tuning		CODE           	1061C	0000	1311
		_VL53L0X_getSequenceStepTimeouts		CODE           	12478	0000	489
		_LASER2_SetHigh		CODE           	14DA0	0000	5
		_VL53L0X_InitDevices		CODE           	11B04	0000	635
		_ReadRegisters 		CODE           	13A00	0000	149
		_ReadRegister16		CODE           	1363C	0000	175
		_VL53L0X_getVcselPulsePeriod		CODE           	144E0	0000	67
		_VL53L0X_ContinuousReading		CODE           	13FA2	0000	107
		_LASER0_SetLow 		CODE           	14DAC	0000	5
		_VL53L0X_ClearStruct		CODE           	140D8	0000	97
		_VL53L0X_Read_Distance_No_Wait		CODE           	14894	0000	45

drivers/vl53l0x.c estimated size: 8631

C:\Program Files (x86)\Microchip\xc8\v1.45\sources\common\sprcadd.c
		___fladd       		CODE           	111DC	0000	829

C:\Program Files (x86)\Microchip\xc8\v1.45\sources\common\sprcadd.c estimated size: 829

C:\Program Files (x86)\Microchip\xc8\v1.45\sources\common\lwmod.c
		___lwmod       		CODE           	1449C	0000	69

C:\Program Files (x86)\Microchip\xc8\v1.45\sources\common\lwmod.c estimated size: 69

C:\Program Files (x86)\Microchip\xc8\v1.45\sources\common\Umul32.c
		___lmul        		CODE           	14138	0000	89

C:\Program Files (x86)\Microchip\xc8\v1.45\sources\common\Umul32.c estimated size: 89

C:\Program Files (x86)\Microchip\xc8\v1.45\sources\common\fltol.c
		___fltol       		CODE           	12E22	0000	223

C:\Program Files (x86)\Microchip\xc8\v1.45\sources\common\fltol.c estimated size: 223

shared
		i2___fltol     		CODE           	12FDE	0000	221
		__initialization		CODE           	14376	0000	69
		i2___flmul     		CODE           	10E8C	0000	849

shared estimated size: 1139

mcc_generated_files/eusart1.c
		_EUSART1_SetRxInterruptHandler		CODE           	14D1E	0000	15
		_EUSART1_SetTxInterruptHandler		CODE           	14D10	0000	15
		_EUSART1_Initialize		CODE           	138D2	0000	155
		_EUSART1_DefaultErrorHandler		CODE           	14D96	0000	7
		_EUSART1_SetFramingErrorHandler		CODE           	14D3A	0000	15
		_EUSART1_SetOverrunErrorHandler		CODE           	14D2C	0000	15
		_EUSART1_SetErrorHandler		CODE           	14D48	0000	15
		_EUSART1_Receive_ISR		CODE           	1358C	0000	177
		_EUSART1_RxDataHandler		CODE           	14A5E	0000	39
		_EUSART1_DefaultOverrunErrorHandler		CODE           	14D90	0000	7
		_EUSART1_Transmit_ISR		CODE           	14836	0000	51
		_EUSART1_DefaultFramingErrorHandler		CODE           	14DCA	0000	3

mcc_generated_files/eusart1.c estimated size: 514

mcc_generated_files/mcc.c
		_PMD_Initialize		CODE           	14B26	0000	29
		_OSCILLATOR_Initialize		CODE           	14BCA	0000	25
		_SYSTEM_Initialize		CODE           	1461E	0000	59

mcc_generated_files/mcc.c estimated size: 113

mcc_generated_files/tmr3.c
		_TMR3_ISR      		CODE           	14738	0000	53
		_TMR3_Initialize		CODE           	14236	0000	81
		_TMR3_SetInterruptHandler		CODE           	14CAE	0000	15
		_TMR3_StopTimer		CODE           	14DB8	0000	5
		_TMR3_DefaultInterruptHandler		CODE           	14B42	0000	29
		_TMR3_WriteTimer		CODE           	14B7A	0000	29
		_TMR3_StartTimer		CODE           	14DBC	0000	5
		_TMR3_ReadTimer		CODE           	14AC8	0000	33

mcc_generated_files/tmr3.c estimated size: 250

mcc_generated_files/tmr1.c
		_TMR1_Initialize		CODE           	14286	0000	81
		_TMR1_SetInterruptHandler		CODE           	14CBC	0000	15
		_TMR1_StopTimer		CODE           	14DC0	0000	5
		_TMR1_DefaultInterruptHandler		CODE           	14B5E	0000	29
		_TMR1_WriteTimer		CODE           	14B96	0000	29
		_TMR1_StartTimer		CODE           	14DC4	0000	5
		_TMR1_ReadTimer		CODE           	14AE8	0000	33
		_TMR1_ISR      		CODE           	1476C	0000	53

mcc_generated_files/tmr1.c estimated size: 250

mcc_generated_files/pwm1.c
		_PWM1_Initialize		CODE           	14C26	0000	23
		_PWM1_LoadDutyValue		CODE           	148EC	0000	45

mcc_generated_files/pwm1.c estimated size: 68

C:\Program Files (x86)\Microchip\xc8\v1.45\sources\common\lwdiv.c
		___lwdiv       		CODE           	14190	0000	85

C:\Program Files (x86)\Microchip\xc8\v1.45\sources\common\lwdiv.c estimated size: 85

C:\Program Files (x86)\Microchip\xc8\v1.45\sources\common\awdiv.c
		___awdiv       		CODE           	13BB0	0000	135

C:\Program Files (x86)\Microchip\xc8\v1.45\sources\common\awdiv.c estimated size: 135

commandes.c
		_Digital_read  		CODE           	14564	0000	67
		_LCDvalue_laser_Range		CODE           	12F00	0000	223
		_Valeur_selection		CODE           	14D6E	0000	11
		_Speed_Motors  		CODE           	14C8E	0000	19
		_BP_selection  		CODE           	14D56	0000	13
		_Buzzer        		CODE           	14C7A	0000	21
		_LCDvalue16fp  		CODE           	13410	0000	199
		_LCDvalue_Boolean		CODE           	14A38	0000	39
		_Ecrit_Valeur_selection		CODE           	14D78	0000	11
		_Motors        		CODE           	14C66	0000	21

commandes.c estimated size: 624

C:\Program Files (x86)\Microchip\xc8\v1.45\sources\common\lldiv.c
		___lldiv       		CODE           	13C36	0000	133

C:\Program Files (x86)\Microchip\xc8\v1.45\sources\common\lldiv.c estimated size: 133

C:\Program Files (x86)\Microchip\xc8\v1.45\sources\common\xxtofl.c
		___xxtofl      		CODE           	12660	0000	337

C:\Program Files (x86)\Microchip\xc8\v1.45\sources\common\xxtofl.c estimated size: 337

C:\Program Files (x86)\Microchip\xc8\v1.45\sources\common\aldiv.c
		___aldiv       		CODE           	13344	0000	205

C:\Program Files (x86)\Microchip\xc8\v1.45\sources\common\aldiv.c estimated size: 205

mcc_generated_files/adcc.c
		_ADCC_GetSingleConversion		CODE           	149E8	0000	41
		_ADCC_Initialize		CODE           	143C4	0000	77

mcc_generated_files/adcc.c estimated size: 118

main.c
		_main          		CODE           	10000	0000	1565

main.c estimated size: 1565

C:\Program Files (x86)\Microchip\xc8\v1.45\sources\common\sprcmul.c
		___flmul       		CODE           	10B3A	0000	851

C:\Program Files (x86)\Microchip\xc8\v1.45\sources\common\sprcmul.c estimated size: 851

