Microchip MPLAB XC8 Compiler V1.45 ()

Linker command line:

-W-3 --edf=C:\Program Files (x86)\Microchip\xc8\v1.45\dat\en_msgs.txt -cs \
  -h+dist/default/production\Robot_SAE_101_WILD.X.production.sym \
  --cmf=dist/default/production\Robot_SAE_101_WILD.X.production.cmf -z \
  -Q18F47K40 -oC:\Users\Baptiste\AppData\Local\Temp\s5gs.2 \
  -Mdist/default/production/Robot_SAE_101_WILD.X.production.map -E1 \
  -ver=XC8 --acfsm=1493 -ASTACK=0275h-0e87h -pstack=STACK \
  -ACODE=00h-01FFFFh -ACONST=00h-01FFFFh -ASMALLCONST=0F00h-0FFFhx497 \
  -AMEDIUMCONST=0F00h-0FFFFh,010F00h-01FFFFh -ACOMRAM=01h-05Fh \
  -AABS1=00h-0E87h -ABIGRAM=01h-0E87h \
  -ARAM=060h-0FFh,0100h-01FFhx13,0E00h-0E87h -ABANK0=060h-0FFh \
  -ABANK1=0100h-01FFh -ABANK2=0200h-02FFh -ABANK3=0300h-03FFh \
  -ABANK4=0400h-04FFh -ABANK5=0500h-05FFh -ABANK6=0600h-06FFh \
  -ABANK7=0700h-07FFh -ABANK8=0800h-08FFh -ABANK9=0900h-09FFh \
  -ABANK10=0A00h-0AFFh -ABANK11=0B00h-0BFFh -ABANK12=0C00h-0CFFh \
  -ABANK13=0D00h-0DFFh -ABANK14=0E00h-0E87h \
  -ASFR=0E8Dh-0EFFh,0F00h-0F5Fh,0F60h-0FFFh \
  -preset_vec=00h,intcode=08h,intcodelo,powerup,init -pramtop=0F00h \
  -psmallconst=SMALLCONST -pmediumconst=MEDIUMCONST -pconst=CONST \
  -AFARRAM=00h-00h -ACONFIG=0300000h-030000Bh -pconfig=CONFIG \
  -AIDLOC=0200000h-020000Fh -pidloc=IDLOC -AEEDATA=0310000h-03103FFh \
  -peeprom_data=EEDATA \
  -prdata=COMRAM,nvrram=COMRAM,nvbit=COMRAM,rbss=COMRAM,rbit=COMRAM \
  -pfarbss=FARRAM,fardata=FARRAM,nvFARRAM=FARRAM \
  -pintsave_regs=BIGRAM,bigbss=BIGRAM,bigdata=BIGRAM -pbss=RAM \
  -pidata=CODE,irdata=CODE,ibigdata=CODE,ifardata=CODE -prparam=COMRAM \
  C:\Users\Baptiste\AppData\Local\Temp\s5gs.obj \
  dist/default/production\Robot_SAE_101_WILD.X.production.obj 

Object code version is 3.11

Machine type is 18F47K40

Call graph: (short form)




                Name                               Link     Load   Length Selector   Space Scale
C:\Users\Baptiste\AppData\Local\Temp\s5gs.obj
                init                                132      132        4        4       0
                reset_vec                             0        0        4        0       0
                idloc                            200000   200000       10   200000       0
                config                           300000   300000        C   300000       0
dist/default/production\Robot_SAE_101_WILD.X.production.obj
                intcode                               8        8      12A        4       0
                temp                                 5C       5C        1        1       1
                mediumconst                        FEC4     FEC4      13C     7F62       0
                text146                           151EA    151EA       26     8000       0
                text145                           15534    15534        6     AA86       0
                text144                           1556A    1556A        2     AA86       0
                text143                           1552E    1552E        6     AA86       0
                text142                           13D18    13D18       B0     8000       0
                text141                           14FC2    14FC2       32     8000       0
                text140                           15528    15528        6     AA86       0
                text139                           1536E    1536E       18     8000       0
                text138                           14D32    14D32       3E     8000       0
                text137                           12776    12776      250     8000       0
                text136                           15274    15274       20     8000       0
                text135                           15562    15562        4     AA86       0
                text134                           1555E    1555E        4     AA86       0
                text133                           15322    15322       1C     8000       0
                text132                           13AD0    13AD0       CC     8000       0
                text131                           14A6C    14A6C       50     8000       0
                text130                           15122    15122       2A     8000       0
                text129                           14E1E    14E1E       3A     8000       0
                text128                           150F8    150F8       2A     8000       0
                text127                           15568    15568        2     AA86       0
                text126                           150CE    150CE       2A     8000       0
                text125                           15254    15254       20     8000       0
                text124                           1555A    1555A        4     AA86       0
                text123                           15556    15556        4     AA86       0
                text122                           15306    15306       1C     8000       0
                text121                           14A1C    14A1C       50     8000       0
                text120                           150A4    150A4       2A     8000       0
                text119                           15210    15210       24     8000       0
                text118                           153C8    153C8       16     8000       0
                text117                           14F90    14F90       32     8000       0
                text116                           152EA    152EA       1C     8000       0
                text115                           14EF8    14EF8       34     8000       0
                text114                           152CE    152CE       1C     8000       0
                text113                           14EC4    14EC4       34     8000       0
                text112                           15078    15078       2C     8000       0
                text111                           1504C    1504C       2C     8000       0
                text110                           11968    11968      33C     8000       0
                text109                           12DEC    12DEC      150     8000       0
                text108                           11618    11618      350     8000       0
                text107                           1376A    1376A       DC     8000       0
                text106                           11FBE    11FBE      2D2     8000       0
                text105                           1519C    1519C       28     8000       0
                text103                           15174    15174       28     8000       0
                text102                           154F4    154F4        C     8000       0
                text101                           15406    15406       14     8000       0
                text100                           14CF0    14CF0       42     8000       0
                text99                            15516    15516        A     AA86       0
                text98                            14976    14976       54     8000       0
                text97                            14C28    14C28       44     8000       0
                text96                            14220    14220       94     8000       0
                text95                            14E8E    14E8E       36     8000       0
                text94                            13B9C    13B9C       C6     8000       0
                text93                            151C4    151C4       26     8000       0
                text92                            14DE4    14DE4       3A     8000       0
                text91                            1368C    1368C       DE     8000       0
                text90                            153F2    153F2       14     8000       0
                text89                            14ABC    14ABC       4C     8000       0
                text88                            154E6    154E6        E     8000       0
                text87                            154D8    154D8        E     8000       0
                text86                            154CA    154CA        E     8000       0
                text85                            154BC    154BC        E     8000       0
                text84                            154AE    154AE        E     8000       0
                text83                            1405E    1405E       9A     8000       0
                text82                            14E58    14E58       36     8000       0
                text81                            15552    15552        4     AA86       0
                text80                            15356    15356       18     8000       0
                text79                            154A0    154A0        E     8000       0
                text78                            15492    15492        E     8000       0
                text77                            15484    15484        E     8000       0
                text76                            15476    15476        E     8000       0
                text75                            132D8    132D8      102     8000       0
                text74                            152B2    152B2       1C     8000       0
                text73                            153B2    153B2       16     8000       0
                text72                            1539C    1539C       16     8000       0
                text71                            15468    15468        E     8000       0
                text70                            14CAE    14CAE       42     8000       0
                text69                            1545A    1545A        E     8000       0
                text68                            14B52    14B52       4A     8000       0
                text67                            15294    15294       1E     8000       0
                text66                            1544C    1544C        E     8000       0
                text65                            14B08    14B08       4A     8000       0
                text64                            1543E    1543E        E     8000       0
                text63                            14F5E    14F5E       32     8000       0
                text62                            14DAA    14DAA       3A     8000       0
                text61                            1542C    1542C       12     8000       0
                text60                            1554E    1554E        4     AA86       0
                text59                            1554A    1554A        4     AA86       0
                text58                            15546    15546        4     AA86       0
                text57                            15542    15542        4     AA86       0
                text56                            1553E    1553E        4     AA86       0
                text55                            1553A    1553A        4     AA86       0
                text54                            15520    15520        8     AA86       0
                text53                            13F1E    13F1E       A2     8000       0
                text52                            14BE2    14BE2       46     8000       0
                text51                            14800    14800       64     8000       0
                text50                            13C62    13C62       B6     8000       0
                text49                            149CA    149CA       52     8000       0
                text48                            13DC8    13DC8       AE     8000       0
                text47                            146BE    146BE       70     8000       0
                text46                            1491E    1491E       58     8000       0
                text45                            145C8    145C8       7C     8000       0
                text44                            1472E    1472E       6A     8000       0
                text43                            14864    14864       60     8000       0
                text42                            1454A    1454A       7E     8000       0
                text41                            14798    14798       68     8000       0
                text40                            131B6    131B6      122     8000       0
                text39                            112C6    112C6      352     8000       0
                text38                            135AE    135AE       DE     8000       0
                text37                            144C8    144C8       82     8000       0
                text36                            1307E    1307E      138     8000       0
                text35                            13920    13920       DA     8000       0
                text34                            1514C    1514C       28     8000       0
                text33                            13E76    13E76       A8     8000       0
                text32                            14644    14644       7A     8000       0
                text31                            1418C    1418C       94     8000       0
                text30                            1250A    1250A      26C     8000       0
                text29                            14B9C    14B9C       46     8000       0
                text28                            140F8    140F8       94     8000       0
                text27                            1433C    1433C       86     8000       0
                text26                            12F3C    12F3C      142     8000       0
                text25                            10DA8    10DA8      51E     8000       0
                text24                            14446    14446       82     8000       0
                text23                            14D70    14D70       3A     8000       0
                text22                            14C6C    14C6C       42     8000       0
                text21                            143C2    143C2       84     8000       0
                text20                            13846    13846       DA     8000       0
                text19                            12C04    12C04      1E8     8000       0
                text18                            129C6    129C6      23E     8000       0
                text17                            13FC0    13FC0       9E     8000       0
                text16                            134D0    134D0       DE     8000       0
                text15                            11CA4    11CA4      31A     8000       0
                text14                            139FA    139FA       D6     8000       0
                text13                            14F2C    14F2C       32     8000       0
                text12                            15386    15386       16     8000       0
                text11                            1533E    1533E       18     8000       0
                text10                            12290    12290      27A     8000       0
                text9                             142B4    142B4       88     8000       0
                text8                             15020    15020       2C     8000       0
                text7                             1550C    1550C        A     AA86       0
                text6                             14FF4    14FF4       2C     8000       0
                text5                             15234    15234       20     8000       0
                text4                             133DA    133DA       F6     8000       0
                text3                             15566    15566        2     AA86       0
                text2                             1541A    1541A       12     8000       0
                text1                             153DE    153DE       14     8000       0
                text0                             10000    10000      DA8     8000       0
                cstackCOMRAM                          1        1       4B        1       1
                cstackBANK0                          60       60       6E       60       1
                cstackBANK1                         145      145       2E      100       1
                bssBANK2                            200      200       75      200       1
                dataBANK1                           19A      19A        B      100       1
                bssBANK1                            100      100       45      100       1
                bssBANK0                             CE       CE       19       60       1
                bssCOMRAM                            4C       4C       10        1       1
                cinit                             148C4    148C4       5A     8000       0
                nvBANK1                             173      173       27      100       1
                nvBANK0                              E7       E7        7       60       1
                idataBANK1                        15500    15500        B     8000       0

TOTAL           Name                               Link     Load   Length     Space
        CLASS   STACK          

        CLASS   CODE           
                intcode                               8        8      12A         0
                init                                132      132        4         0
                reset_vec                             0        0        4         0
                text146                           151EA    151EA       26         0
                text145                           15534    15534        6         0
                text144                           1556A    1556A        2         0
                text143                           1552E    1552E        6         0
                text142                           13D18    13D18       B0         0
                text141                           14FC2    14FC2       32         0
                text140                           15528    15528        6         0
                text139                           1536E    1536E       18         0
                text138                           14D32    14D32       3E         0
                text137                           12776    12776      250         0
                text136                           15274    15274       20         0
                text135                           15562    15562        4         0
                text134                           1555E    1555E        4         0
                text133                           15322    15322       1C         0
                text132                           13AD0    13AD0       CC         0
                text131                           14A6C    14A6C       50         0
                text130                           15122    15122       2A         0
                text129                           14E1E    14E1E       3A         0
                text128                           150F8    150F8       2A         0
                text127                           15568    15568        2         0
                text126                           150CE    150CE       2A         0
                text125                           15254    15254       20         0
                text124                           1555A    1555A        4         0
                text123                           15556    15556        4         0
                text122                           15306    15306       1C         0
                text121                           14A1C    14A1C       50         0
                text120                           150A4    150A4       2A         0
                text119                           15210    15210       24         0
                text118                           153C8    153C8       16         0
                text117                           14F90    14F90       32         0
                text116                           152EA    152EA       1C         0
                text115                           14EF8    14EF8       34         0
                text114                           152CE    152CE       1C         0
                text113                           14EC4    14EC4       34         0
                text112                           15078    15078       2C         0
                text111                           1504C    1504C       2C         0
                text110                           11968    11968      33C         0
                text109                           12DEC    12DEC      150         0
                text108                           11618    11618      350         0
                text107                           1376A    1376A       DC         0
                text106                           11FBE    11FBE      2D2         0
                text105                           1519C    1519C       28         0
                text103                           15174    15174       28         0
                text102                           154F4    154F4        C         0
                text101                           15406    15406       14         0
                text100                           14CF0    14CF0       42         0
                text99                            15516    15516        A         0
                text98                            14976    14976       54         0
                text97                            14C28    14C28       44         0
                text96                            14220    14220       94         0
                text95                            14E8E    14E8E       36         0
                text94                            13B9C    13B9C       C6         0
                text93                            151C4    151C4       26         0
                text92                            14DE4    14DE4       3A         0
                text91                            1368C    1368C       DE         0
                text90                            153F2    153F2       14         0
                text89                            14ABC    14ABC       4C         0
                text88                            154E6    154E6        E         0
                text87                            154D8    154D8        E         0
                text86                            154CA    154CA        E         0
                text85                            154BC    154BC        E         0
                text84                            154AE    154AE        E         0
                text83                            1405E    1405E       9A         0
                text82                            14E58    14E58       36         0
                text81                            15552    15552        4         0
                text80                            15356    15356       18         0
                text79                            154A0    154A0        E         0
                text78                            15492    15492        E         0
                text77                            15484    15484        E         0
                text76                            15476    15476        E         0
                text75                            132D8    132D8      102         0
                text74                            152B2    152B2       1C         0
                text73                            153B2    153B2       16         0
                text72                            1539C    1539C       16         0
                text71                            15468    15468        E         0
                text70                            14CAE    14CAE       42         0
                text69                            1545A    1545A        E         0
                text68                            14B52    14B52       4A         0
                text67                            15294    15294       1E         0
                text66                            1544C    1544C        E         0
                text65                            14B08    14B08       4A         0
                text64                            1543E    1543E        E         0
                text63                            14F5E    14F5E       32         0
                text62                            14DAA    14DAA       3A         0
                text61                            1542C    1542C       12         0
                text60                            1554E    1554E        4         0
                text59                            1554A    1554A        4         0
                text58                            15546    15546        4         0
                text57                            15542    15542        4         0
                text56                            1553E    1553E        4         0
                text55                            1553A    1553A        4         0
                text54                            15520    15520        8         0
                text53                            13F1E    13F1E       A2         0
                text52                            14BE2    14BE2       46         0
                text51                            14800    14800       64         0
                text50                            13C62    13C62       B6         0
                text49                            149CA    149CA       52         0
                text48                            13DC8    13DC8       AE         0
                text47                            146BE    146BE       70         0
                text46                            1491E    1491E       58         0
                text45                            145C8    145C8       7C         0
                text44                            1472E    1472E       6A         0
                text43                            14864    14864       60         0
                text42                            1454A    1454A       7E         0
                text41                            14798    14798       68         0
                text40                            131B6    131B6      122         0
                text39                            112C6    112C6      352         0
                text38                            135AE    135AE       DE         0
                text37                            144C8    144C8       82         0
                text36                            1307E    1307E      138         0
                text35                            13920    13920       DA         0
                text34                            1514C    1514C       28         0
                text33                            13E76    13E76       A8         0
                text32                            14644    14644       7A         0
                text31                            1418C    1418C       94         0
                text30                            1250A    1250A      26C         0
                text29                            14B9C    14B9C       46         0
                text28                            140F8    140F8       94         0
                text27                            1433C    1433C       86         0
                text26                            12F3C    12F3C      142         0
                text25                            10DA8    10DA8      51E         0
                text24                            14446    14446       82         0
                text23                            14D70    14D70       3A         0
                text22                            14C6C    14C6C       42         0
                text21                            143C2    143C2       84         0
                text20                            13846    13846       DA         0
                text19                            12C04    12C04      1E8         0
                text18                            129C6    129C6      23E         0
                text17                            13FC0    13FC0       9E         0
                text16                            134D0    134D0       DE         0
                text15                            11CA4    11CA4      31A         0
                text14                            139FA    139FA       D6         0
                text13                            14F2C    14F2C       32         0
                text12                            15386    15386       16         0
                text11                            1533E    1533E       18         0
                text10                            12290    12290      27A         0
                text9                             142B4    142B4       88         0
                text8                             15020    15020       2C         0
                text7                             1550C    1550C        A         0
                text6                             14FF4    14FF4       2C         0
                text5                             15234    15234       20         0
                text4                             133DA    133DA       F6         0
                text3                             15566    15566        2         0
                text2                             1541A    1541A       12         0
                text1                             153DE    153DE       14         0
                text0                             10000    10000      DA8         0
                cinit                             148C4    148C4       5A         0
                idataBANK1                        15500    15500        B         0

        CLASS   CONST          

        CLASS   SMALLCONST     

        CLASS   MEDIUMCONST    
                mediumconst                        FEC4     FEC4      13C         0

        CLASS   COMRAM         
                temp                                 5C       5C        1         1
                cstackCOMRAM                          1        1       4B         1
                bssCOMRAM                            4C       4C       10         1

        CLASS   ABS1           

        CLASS   BIGRAM         

        CLASS   RAM            

        CLASS   BANK0          
                cstackBANK0                          60       60       6E         1
                bssBANK0                             CE       CE       19         1
                nvBANK0                              E7       E7        7         1

        CLASS   BANK1          
                cstackBANK1                         145      145       2E         1
                dataBANK1                           19A      19A        B         1
                bssBANK1                            100      100       45         1
                nvBANK1                             173      173       27         1

        CLASS   BANK2          
                bssBANK2                            200      200       75         1

        CLASS   BANK3          

        CLASS   BANK4          

        CLASS   BANK5          

        CLASS   BANK6          

        CLASS   BANK7          

        CLASS   BANK8          

        CLASS   BANK9          

        CLASS   BANK10         

        CLASS   BANK11         

        CLASS   BANK12         

        CLASS   BANK13         

        CLASS   BANK14         

        CLASS   SFR            

        CLASS   FARRAM         

        CLASS   CONFIG         
                config                           300000   300000        C         0

        CLASS   IDLOC          
                idloc                            200000   200000       10         0

        CLASS   EEDATA         



SEGMENTS        Name                           Load    Length   Top    Selector   Space  Class

                reset_vec                      000000  000004  000004         0       0  CODE    
                cstackCOMRAM                   000001  00005C  00005D         1       1  COMRAM  
                intcode                        000008  00012E  000136         4       0  CODE    
                cstackBANK0                    000060  00008E  0000EE        60       1  BANK0   
                bssBANK1                       000100  0000A5  0001A5       100       1  BANK1   
                bssBANK2                       000200  000075  000275       200       1  BANK2   
                mediumconst                    00FEC4  00013C  010000      7F62       0  MEDIUMCO
                text0                          010000  00550B  01550B      8000       0  CODE    
                text7                          01550C  000060  01556C      AA86       0  CODE    
                idloc                          200000  000010  200010    200000       0  IDLOC   
                config                         300000  00000C  30000C    300000       0  CONFIG  


UNUSED ADDRESS RANGES

        Name                Unused          Largest block    Delta
        BANK0            0000EE-0000FF               12
        BANK1            0001A5-0001FF               5B
        BANK10           000A00-000AFF              100
        BANK11           000B00-000BFF              100
        BANK12           000C00-000CFF              100
        BANK13           000D00-000DFF              100
        BANK14           000E00-000E87               88
        BANK2            000275-0002FF               8B
        BANK3            000300-0003FF              100
        BANK4            000400-0004FF              100
        BANK5            000500-0005FF              100
        BANK6            000600-0006FF              100
        BANK7            000700-0007FF              100
        BANK8            000800-0008FF              100
        BANK9            000900-0009FF              100
        BIGRAM           00005D-00005F                3
                         0000EE-0000FF               12
                         0001A5-0001FF               5B
                         000275-000E87              C13
        CODE             000004-000007                4
                         000136-00FEC3             FD8E
                         01550B-01550B                1
                         01556C-01FFFF             AA94
        COMRAM           00005D-00005F                3
        CONST            000004-000007                4
                         000136-00FEC3             FD8E
                         01550B-01550B                1
                         01556C-01FFFF             AA94
        EEDATA           310000-3103FF              400
        MEDIUMCONST      000F00-00FEC3             EFC4
                         01550B-01550B                1
                         01556C-01FFFF             AA94
        RAM              0000EE-0000FF               12
                         0001A5-0001FF               5B
                         000275-000E87              100
        SFR              000E8D-000FFF               73
        SMALLCONST       000F00-00FEC3              100
                         01550B-01550B                1
                         01556C-01FFFF              100
        STACK            000275-000E87              C13

                                  Symbol Table

?_ADCC_GetSingleConversion                                      cstackBANK0  000072
?_ReadRegister16                                                cstackBANK0  00007B
?_TMR1_ReadTimer                                                cstackCOMRAM 000001
?_TMR3_ReadTimer                                                cstackCOMRAM 000001
?_VL53L0X_ReadRange_No_Wait                                     cstackBANK0  000092
?_VL53L0X_Read_Distance_No_Wait                                 cstackBANK0  00009B
?_VL53L0X_decodeTimeout                                         cstackBANK0  000092
?_VL53L0X_encodeTimeout                                         cstackBANK0  000072
?_VL53L0X_getMeasurementTimingBudget                            cstackBANK0  00009D
?_VL53L0X_timeoutMclksToMicroseconds                            cstackBANK0  00008B
?_VL53L0X_timeoutMicrosecondsToMclks                            cstackBANK0  00008B
?_Valeur_selection                                              cstackBANK0  000072
?___aldiv                                                       cstackCOMRAM 000009
?___awdiv                                                       cstackBANK0  000072
?___fladd                                                       cstackCOMRAM 000028
?___flmul                                                       cstackBANK0  000072
?___fltol                                                       cstackBANK0  00008B
?___lldiv                                                       cstackBANK0  00007E
?___lmul                                                        cstackBANK0  000072
?___lwdiv                                                       cstackBANK0  000072
?___lwmod                                                       cstackBANK0  000072
?___xxtofl                                                      cstackCOMRAM 000001
?_millis                                                        cstackBANK0  000072
?i2___flmul                                                     cstackCOMRAM 00000F
?i2___fltol                                                     cstackCOMRAM 00003C
ADCC_GetSingleConversion@channel                                cstackBANK0  000076
Buzzer@on_off                                                   cstackBANK0  000072
Digital_read@io                                                 cstackBANK0  000072
EUSART1_SetErrorHandler@interruptHandler                        cstackBANK0  000072
EUSART1_SetFramingErrorHandler@interruptHandler                 cstackBANK0  000072
EUSART1_SetOverrunErrorHandler@interruptHandler                 cstackBANK0  000072
EUSART1_SetRxInterruptHandler@interruptHandler                  cstackBANK0  000072
EUSART1_SetTxInterruptHandler@interruptHandler                  cstackBANK0  000072
Ecrit_Valeur_selection@Val_sel                                  cstackBANK0  000072
I2C1_ISR@i2c_10bit_address_restart                              bssCOMRAM    000056
I2C1_ISR@i2c_address                                            bssCOMRAM    00005A
I2C1_ISR@i2c_bytes_left                                         bssCOMRAM    000057
I2C1_ISR@pi2c_buf_ptr                                           bssBANK0     0000D9
I2C1_MasterRead@trBlock                                         bssBANK1     000136
I2C1_MasterReadTRBBuild@address                                 cstackBANK0  000077
I2C1_MasterReadTRBBuild@length                                  cstackBANK0  000076
I2C1_MasterReadTRBBuild@pdata                                   cstackBANK0  000074
I2C1_MasterReadTRBBuild@ptrb                                    cstackBANK0  000072
I2C1_MasterTRBInsert@count                                      cstackBANK0  000077
I2C1_MasterTRBInsert@pflag                                      cstackBANK0  000074
I2C1_MasterTRBInsert@ptrb_list                                  cstackBANK0  000072
I2C1_MasterWrite@trBlock                                        bssBANK1     00013B
I2C1_MasterWriteTRBBuild@address                                cstackBANK0  000077
I2C1_MasterWriteTRBBuild@length                                 cstackBANK0  000076
I2C1_MasterWriteTRBBuild@pdata                                  cstackBANK0  000074
I2C1_MasterWriteTRBBuild@ptrb                                   cstackBANK0  000072
I2C1_Stop@completion_code                                       cstackCOMRAM 000003
IOCAF5_SetInterruptHandler@InterruptHandler                     cstackBANK0  000072
IOCAF6_SetInterruptHandler@InterruptHandler                     cstackBANK0  000072
IOCAF7_SetInterruptHandler@InterruptHandler                     cstackBANK0  000072
IOCCF0_SetInterruptHandler@InterruptHandler                     cstackBANK0  000072
LCDvalue16fp@fp                                                 cstackBANK0  00007B
LCDvalue16fp@i                                                  cstackBANK0  00007C
LCDvalue16fp@v                                                  cstackBANK0  000079
LCDvalue_Boolean@v                                              cstackBANK0  000079
LCDvalue_laser_Range@i                                          cstackBANK0  0000A2
LCDvalue_laser_Range@v                                          cstackBANK0  0000A0
Motors@on_off                                                   cstackBANK0  000072
PWM1_LoadDutyValue@dutyValue                                    cstackCOMRAM 000001
PWM2_LoadDutyValue@dutyValue                                    cstackCOMRAM 000001
ReadRegister16@addr                                             cstackBANK0  00008E
ReadRegister16@readTRB                                          cstackBANK0  00007F
ReadRegister16@reg                                              cstackBANK0  00007B
ReadRegister16@regValue                                         cstackBANK0  00007D
ReadRegister16@regValueH                                        cstackBANK0  000090
ReadRegister16@regValueL                                        cstackBANK0  00008F
ReadRegister16@status                                           cstackBANK0  000091
ReadRegister@addr                                               cstackBANK0  00007C
ReadRegister@readTRB                                            cstackBANK0  00007D
ReadRegister@reg                                                cstackBANK0  00007B
ReadRegister@regValue                                           cstackBANK0  000087
ReadRegister@status                                             cstackBANK0  000088
ReadRegisters@addr                                              cstackBANK0  000083
ReadRegisters@dataAddress                                       cstackBANK0  00007B
ReadRegisters@nCount                                            cstackBANK0  00007E
ReadRegisters@pData                                             cstackBANK0  00007C
ReadRegisters@readTRB                                           cstackBANK0  000084
ReadRegisters@status                                            cstackBANK0  00008E
ReadRegisters@timeOut                                           cstackBANK0  00007F
ReadRegisters@writeBuffer                                       cstackBANK0  000081
Speed_Motors@Cons_Vit_Mot_D                                     cstackBANK0  000074
Speed_Motors@Cons_Vit_Mot_G                                     cstackBANK0  000072
TMR0_SetInterruptHandler@InterruptHandler                       cstackBANK0  000072
TMR1_ReadTimer@readVal                                          cstackCOMRAM 000005
TMR1_ReadTimer@readValHigh                                      cstackCOMRAM 000007
TMR1_ReadTimer@readValLow                                       cstackCOMRAM 000008
TMR1_SetInterruptHandler@InterruptHandler                       cstackBANK0  000072
TMR1_WriteTimer@timerVal                                        cstackCOMRAM 000001
TMR3_ReadTimer@readVal                                          cstackCOMRAM 000005
TMR3_ReadTimer@readValHigh                                      cstackCOMRAM 000007
TMR3_ReadTimer@readValLow                                       cstackCOMRAM 000008
TMR3_SetInterruptHandler@InterruptHandler                       cstackBANK0  000072
TMR3_WriteTimer@timerVal                                        cstackCOMRAM 000001
TMR4_SetInterruptHandler@InterruptHandler                       cstackBANK0  000072
VL53L0X_ClearStruct@p53                                         cstackBANK0  000072
VL53L0X_ContinuousReading@p53                                   cstackBANK0  00009A
VL53L0X_ContinuousReading@period_ms                             cstackBANK0  00009C
VL53L0X_DataInit@oldVal                                         cstackBANK0  0000AA
VL53L0X_DataInit@p53                                            cstackBANK0  0000A7
VL53L0X_GetSpadInfo@count                                       cstackBANK0  00008B
VL53L0X_GetSpadInfo@oldVal                                      cstackBANK0  000090
VL53L0X_GetSpadInfo@p53                                         cstackBANK0  000089
VL53L0X_GetSpadInfo@timeoutData                                 cstackBANK0  000091
VL53L0X_GetSpadInfo@tmp                                         cstackBANK0  00008F
VL53L0X_GetSpadInfo@typeIsAperture                              cstackBANK0  00008D
VL53L0X_Init@p53                                                cstackBANK1  00014D
VL53L0X_InitDevices@i                                           cstackBANK1  000151
VL53L0X_PerformRefCalibration@p53                               cstackBANK0  000091
VL53L0X_ReadRange_No_Wait@p53                                   cstackBANK0  000092
VL53L0X_ReadRange_No_Wait@range                                 cstackBANK0  000095
VL53L0X_ReadRange_No_Wait@timeoutData                           cstackBANK0  000097
VL53L0X_Read_Distance_No_Wait@Num_laser                         cstackBANK0  00009D
VL53L0X_Read_Distance_No_Wait@tmp_Dist                          cstackBANK0  00009E
VL53L0X_ReadingHeader@p53                                       cstackBANK0  000086
VL53L0X_SetAddress@newAddr                                      cstackBANK0  000086
VL53L0X_SetGpioConfig@addr                                      cstackBANK0  00008A
VL53L0X_SetGpioConfig@oldVal                                    cstackBANK0  000089
VL53L0X_SetInterMeasurementPeriodMilliSeconds@osc_calibrate_val cstackBANK0  000098
VL53L0X_SetInterMeasurementPeriodMilliSeconds@p53               cstackBANK0  000092
VL53L0X_SetInterMeasurementPeriodMilliSeconds@period_ms         cstackBANK0  000094
VL53L0X_SetReferenceSpads@addr                                  cstackBANK0  00009C
VL53L0X_SetReferenceSpads@count                                 cstackBANK0  00008F
VL53L0X_SetReferenceSpads@firstSpadToEnable                     cstackBANK0  000098
VL53L0X_SetReferenceSpads@i                                     cstackBANK0  00009D
VL53L0X_SetReferenceSpads@spadMap                               cstackBANK0  000093
VL53L0X_SetReferenceSpads@spadsEnabled                          cstackBANK0  00009B
VL53L0X_SetReferenceSpads@typeIsAperture                        cstackBANK0  000091
VL53L0X_SetSignalRateLimit@addr                                 cstackBANK0  0000A6
VL53L0X_SetSignalRateLimit@limit_Mcps                           cstackBANK0  0000A2
VL53L0X_SetTimeout@p53                                          cstackBANK0  000072
VL53L0X_SetTimeout@timeout                                      cstackBANK0  000074
VL53L0X_StaticInit@p53                                          cstackBANK0  0000CC
VL53L0X_StaticInit@refSpadMap                                   cstackBANK1  000145
VL53L0X_StaticInit@spadCount                                    cstackBANK1  00014B
VL53L0X_StaticInit@spadTypeIsAperture                           cstackBANK1  00014C
VL53L0X_Tuning@addr                                             cstackBANK0  000088
VL53L0X_decodeTimeout@reg_val                                   cstackBANK0  000092
VL53L0X_encodeTimeout@ls_byte                                   cstackBANK0  00007A
VL53L0X_encodeTimeout@ms_byte                                   cstackBANK0  000078
VL53L0X_encodeTimeout@timeout_mclks                             cstackBANK0  000072
VL53L0X_getMeasurementTimingBudget@DssOverhead                  cstackBANK0  0000B5
VL53L0X_getMeasurementTimingBudget@EndOverhead                  cstackBANK0  0000AF
VL53L0X_getMeasurementTimingBudget@FinalRangeOverhead           cstackBANK0  0000B9
VL53L0X_getMeasurementTimingBudget@MsrcOverhead                 cstackBANK0  0000B1
VL53L0X_getMeasurementTimingBudget@PreRangeOverhead             cstackBANK0  0000B7
VL53L0X_getMeasurementTimingBudget@StartOverhead                cstackBANK0  0000AD
VL53L0X_getMeasurementTimingBudget@TccOverhead                  cstackBANK0  0000B3
VL53L0X_getMeasurementTimingBudget@budget_us                    cstackBANK0  0000BB
VL53L0X_getMeasurementTimingBudget@p53                          cstackBANK0  00009D
VL53L0X_getSequenceStepEnables@p53                              cstackBANK0  000089
VL53L0X_getSequenceStepEnables@sequence_config                  cstackBANK0  00008B
VL53L0X_getSequenceStepTimeouts@addr                            cstackBANK0  00009C
VL53L0X_getSequenceStepTimeouts@p53                             cstackBANK0  000098
VL53L0X_getVcselPulsePeriod@addr                                cstackBANK0  00008B
VL53L0X_getVcselPulsePeriod@type                                cstackBANK0  000089
VL53L0X_performSingleRefCalibration@p53                         cstackBANK0  000089
VL53L0X_performSingleRefCalibration@timeoutData                 cstackBANK0  00008D
VL53L0X_performSingleRefCalibration@vhv_init_byte               cstackBANK0  00008B
VL53L0X_setMeasurementTimingBudget@DssOverhead                  cstackBANK0  0000C0
VL53L0X_setMeasurementTimingBudget@EndOverhead                  cstackBANK0  0000BA
VL53L0X_setMeasurementTimingBudget@FinalRangeOverhead           cstackBANK0  0000C4
VL53L0X_setMeasurementTimingBudget@MinTimingBudget              cstackBANK0  0000B0
VL53L0X_setMeasurementTimingBudget@MsrcOverhead                 cstackBANK0  0000BC
VL53L0X_setMeasurementTimingBudget@PreRangeOverhead             cstackBANK0  0000C2
VL53L0X_setMeasurementTimingBudget@StartOverhead                cstackBANK0  0000B8
VL53L0X_setMeasurementTimingBudget@TccOverhead                  cstackBANK0  0000BE
VL53L0X_setMeasurementTimingBudget@final_range_timeout_mclks    cstackBANK0  0000C6
VL53L0X_setMeasurementTimingBudget@final_range_timeout_us       cstackBANK0  0000B4
VL53L0X_setMeasurementTimingBudget@p53                          cstackBANK0  0000A2
VL53L0X_setMeasurementTimingBudget@used_budget_us               cstackBANK0  0000C8
VL53L0X_timeoutMclksToMicroseconds@macro_period_ns              cstackBANK0  000093
VL53L0X_timeoutMclksToMicroseconds@timeout_period_mclks         cstackBANK0  00008B
VL53L0X_timeoutMclksToMicroseconds@vcsel_period_pclks           cstackBANK0  00008D
VL53L0X_timeoutMicrosecondsToMclks@macro_period_ns              cstackBANK0  000094
VL53L0X_timeoutMicrosecondsToMclks@timeout_period_us            cstackBANK0  00008B
VL53L0X_timeoutMicrosecondsToMclks@vcsel_period_pclks           cstackBANK0  00008F
WriteRegister16@addr                                            cstackBANK0  000098
WriteRegister16@reg                                             cstackBANK0  000095
WriteRegister16@status                                          cstackBANK0  0000A1
WriteRegister16@val                                             cstackBANK0  000096
WriteRegister16@writeBuffer                                     cstackBANK0  000099
WriteRegister16@writeTRB                                        cstackBANK0  00009C
WriteRegister32@addr                                            cstackBANK0  000080
WriteRegister32@reg                                             cstackBANK0  00007B
WriteRegister32@status                                          cstackBANK0  00008B
WriteRegister32@val                                             cstackBANK0  00007C
WriteRegister32@writeBuffer                                     cstackBANK0  000081
WriteRegister32@writeTRB                                        cstackBANK0  000086
WriteRegister@addr                                              cstackBANK0  00007D
WriteRegister@reg                                               cstackBANK0  00007B
WriteRegister@status                                            cstackBANK0  000085
WriteRegister@val                                               cstackBANK0  00007C
WriteRegister@writeBuffer                                       cstackBANK0  00007E
WriteRegister@writeTRB                                          cstackBANK0  000080
WriteRegisters@addr                                             cstackBANK0  000083
WriteRegisters@dataAddress                                      cstackBANK0  00007B
WriteRegisters@nCount                                           cstackBANK0  00007E
WriteRegisters@pData                                            cstackBANK0  00007C
WriteRegisters@status                                           cstackBANK0  00008E
WriteRegisters@timeOut                                          cstackBANK0  00007F
WriteRegisters@writeBuffer                                      cstackBANK0  000081
WriteRegisters@writeTRB                                         cstackBANK0  000084
_ADACCH                                                         (abs)        000F71
_ADACCL                                                         (abs)        000F70
_ADACQ                                                          (abs)        000F5C
_ADACT                                                          (abs)        000F56
_ADCAP                                                          (abs)        000F5D
_ADCC_GetSingleConversion                                       text103      015174
_ADCC_Initialize                                                text89       014ABC
_ADCLK                                                          (abs)        000F57
_ADCNT                                                          (abs)        000F67
_ADCON0                                                         (abs)        000F60
_ADCON0bits                                                     (abs)        000F60
_ADCON1                                                         (abs)        000F59
_ADCON1bits                                                     (abs)        000F59
_ADCON2                                                         (abs)        000F5A
_ADCON2bits                                                     (abs)        000F5A
_ADCON3                                                         (abs)        000F5B
_ADCON3bits                                                     (abs)        000F5B
_ADERRH                                                         (abs)        000F6F
_ADERRL                                                         (abs)        000F6E
_ADFLTRH                                                        (abs)        000F73
_ADFLTRL                                                        (abs)        000F72
_ADLTHH                                                         (abs)        000F6B
_ADLTHL                                                         (abs)        000F6A
_ADPCH                                                          (abs)        000F5F
_ADPRE                                                          (abs)        000F5E
_ADPREVH                                                        (abs)        000F62
_ADPREVL                                                        (abs)        000F61
_ADREF                                                          (abs)        000F58
_ADRESH                                                         (abs)        000F64
_ADRESL                                                         (abs)        000F63
_ADRPT                                                          (abs)        000F66
_ADSTAT                                                         (abs)        000F65
_ADSTATbits                                                     (abs)        000F65
_ADSTPTH                                                        (abs)        000F69
_ADSTPTL                                                        (abs)        000F68
_ADUTHH                                                         (abs)        000F6D
_ADUTHL                                                         (abs)        000F6C
_ANSELA                                                         (abs)        000F11
_ANSELB                                                         (abs)        000F19
_ANSELC                                                         (abs)        000F21
_ANSELD                                                         (abs)        000F26
_ANSELE                                                         (abs)        000F2E
_Ancienne_Erreur_Vitesse_Moteur_D                               bssBANK1     00012C
_Ancienne_Erreur_Vitesse_Moteur_G                               bssBANK1     00012E
_BAUD1CON                                                       (abs)        000F9F
_BP_selection                                                   text102      0154F4
_Buzzer                                                         text101      015406
_CCP1CON                                                        (abs)        000FAC
_CCP1CONbits                                                    (abs)        000FAC
_CCP2CON                                                        (abs)        000FA8
_CCP2CONbits                                                    (abs)        000FA8
_CCPR1H                                                         (abs)        000FAB
_CCPR1L                                                         (abs)        000FAA
_CCPR2H                                                         (abs)        000FA7
_CCPR2L                                                         (abs)        000FA6
_CCPTMRSbits                                                    (abs)        000FAE
_Consigne_Vitesse_Moteur_D                                      bssBANK1     000130
_Consigne_Vitesse_Moteur_G                                      bssBANK1     000132
_DMD                                                            bssBANK1     000118
_DMG                                                            bssBANK1     00011C
_Digital_read                                                   text100      014CF0
_EUSART1_DefaultErrorHandler                                    text145      015534
_EUSART1_DefaultFramingErrorHandler                             text144      01556A
_EUSART1_DefaultOverrunErrorHandler                             text143      01552E
_EUSART1_ErrorHandler                                           nvBANK1      00017C
_EUSART1_FramingErrorHandler                                    nvBANK1      000182
_EUSART1_Initialize                                             text83       01405E
_EUSART1_OverrunErrorHandler                                    nvBANK1      00017F
_EUSART1_Receive_ISR                                            text142      013D18
_EUSART1_RxDataHandler                                          text146      0151EA
_EUSART1_RxDefaultInterruptHandler                              nvBANK1      000194
_EUSART1_SetErrorHandler                                        text88       0154E6
_EUSART1_SetFramingErrorHandler                                 text87       0154D8
_EUSART1_SetOverrunErrorHandler                                 text86       0154CA
_EUSART1_SetRxInterruptHandler                                  text85       0154BC
_EUSART1_SetTxInterruptHandler                                  text84       0154AE
_EUSART1_Transmit_ISR                                           text141      014FC2
_EUSART1_TxDefaultInterruptHandler                              nvBANK1      000197
_Ecrit_Valeur_selection                                         text99       015516
_Erreur_Vitesse_Moteur_D                                        bssBANK0     0000D5
_Erreur_Vitesse_Moteur_G                                        bssBANK0     0000D7
_GIE                                                            (abs)        007F97
_I2C1_BusCollisionISR                                           text140      015528
_I2C1_FunctionComplete                                          text139      01536E
_I2C1_ISR                                                       text137      012776
_I2C1_Initialize                                                text82       014E58
_I2C1_MasterReadTRBBuild                                        text49       0149CA
_I2C1_MasterTRBInsert                                           text53       013F1E
_I2C1_MasterWriteTRBBuild                                       text52       014BE2
_I2C1_Stop                                                      text138      014D32
_I2C1_WaitForLastPacketToComplete                               text54       015520
_INLVLA                                                         (abs)        000F0D
_INLVLB                                                         (abs)        000F15
_INLVLC                                                         (abs)        000F1D
_INLVLD                                                         (abs)        000F22
_INLVLE                                                         (abs)        000F2A
_INTCONbits                                                     (abs)        000FF2
_INTERRUPT_Initialize                                           text81       015552
_INTERRUPT_InterruptManager                                     intcode      000008
_IOCAF5_DefaultInterruptHandler                                 text131      014A6C
_IOCAF5_ISR                                                     text130      015122
_IOCAF5_InterruptHandler                                        nvBANK1      000191
_IOCAF5_SetInterruptHandler                                     text79       0154A0
_IOCAF6_DefaultInterruptHandler                                 text129      014E1E
_IOCAF6_ISR                                                     text128      0150F8
_IOCAF6_InterruptHandler                                        nvBANK1      00018E
_IOCAF6_SetInterruptHandler                                     text78       015492
_IOCAF7_DefaultInterruptHandler                                 text127      015568
_IOCAF7_ISR                                                     text126      0150CE
_IOCAF7_InterruptHandler                                        nvBANK1      00018B
_IOCAF7_SetInterruptHandler                                     text77       015484
_IOCAFbits                                                      (abs)        000F0A
_IOCANbits                                                      (abs)        000F0B
_IOCAPbits                                                      (abs)        000F0C
_IOCCF0_DefaultInterruptHandler                                 text121      014A1C
_IOCCF0_ISR                                                     text120      0150A4
_IOCCF0_InterruptHandler                                        nvBANK1      000188
_IOCCF0_SetInterruptHandler                                     text76       015476
_IOCCFbits                                                      (abs)        000F1A
_IOCCNbits                                                      (abs)        000F1B
_IOCCPbits                                                      (abs)        000F1C
_LASER0_SetHigh                                                 text60       01554E
_LASER0_SetLow                                                  text59       01554A
_LASER1_SetHigh                                                 text58       015546
_LASER1_SetLow                                                  text57       015542
_LASER2_SetHigh                                                 text56       01553E
_LASER2_SetLow                                                  text55       01553A
_LATA                                                           (abs)        000F83
_LATAbits                                                       (abs)        000F83
_LATB                                                           (abs)        000F84
_LATBbits                                                       (abs)        000F84
_LATC                                                           (abs)        000F85
_LATCbits                                                       (abs)        000F85
_LATD                                                           (abs)        000F86
_LATDbits                                                       (abs)        000F86
_LATE                                                           (abs)        000F87
_LATEbits                                                       (abs)        000F87
_LCDvalue16fp                                                   text94       013B9C
_LCDvalue_Boolean                                               text93       0151C4
_LCDvalue_laser_Range                                           text91       01368C
_Motors                                                         text90       0153F2
_NVMADRH                                                        (abs)        000F7F
_NVMADRL                                                        (abs)        000F7E
_NVMCON1bits                                                    (abs)        000F81
_NVMCON2                                                        (abs)        000F82
_NVMDAT                                                         (abs)        000F80
_ODCONA                                                         (abs)        000F0F
_ODCONB                                                         (abs)        000F17
_ODCONC                                                         (abs)        000F1F
_ODCOND                                                         (abs)        000F24
_ODCONE                                                         (abs)        000F2C
_OSCCON1                                                        (abs)        000ED8
_OSCCON3                                                        (abs)        000EDA
_OSCEN                                                          (abs)        000EDC
_OSCFRQ                                                         (abs)        000EDE
_OSCILLATOR_Initialize                                          text80       015356
_OSCTUNE                                                        (abs)        000EDD
_PIE0bits                                                       (abs)        000EC2
_PIE3bits                                                       (abs)        000EC5
_PIE4bits                                                       (abs)        000EC6
_PIN_MANAGER_IOC                                                text119      015210
_PIN_MANAGER_Initialize                                         text75       0132D8
_PIR0bits                                                       (abs)        000ECA
_PIR3bits                                                       (abs)        000ECD
_PIR4bits                                                       (abs)        000ECE
_PMD0                                                           (abs)        000EE1
_PMD1                                                           (abs)        000EE2
_PMD2                                                           (abs)        000EE3
_PMD3                                                           (abs)        000EE4
_PMD4                                                           (abs)        000EE5
_PMD5                                                           (abs)        000EE6
_PMD_Initialize                                                 text74       0152B2
_PORTAbits                                                      (abs)        000F8D
_PORTBbits                                                      (abs)        000F8E
_PORTDbits                                                      (abs)        000F90
_PORTEbits                                                      (abs)        000F91
_PR2                                                            (abs)        000FBC
_PR4                                                            (abs)        000FB6
_PWM1_Initialize                                                text73       0153B2
_PWM1_LoadDutyValue                                             text112      015078
_PWM2_Initialize                                                text72       01539C
_PWM2_LoadDutyValue                                             text111      01504C
_R0                                                             bssBANK1     000124
_R1                                                             bssBANK1     000120
_RC1PPS                                                         (abs)        000EF8
_RC1REG                                                         (abs)        000F99
_RC1STA                                                         (abs)        000F9D
_RC1STAbits                                                     (abs)        000F9D
_RC2PPS                                                         (abs)        000EF9
_RC3PPS                                                         (abs)        000EFA
_RC4PPS                                                         (abs)        000EFB
_RC6PPS                                                         (abs)        000EFD
_RX1PPS                                                         (abs)        000EB5
_ReadRegister                                                   text42       01454A
_ReadRegister16                                                 text48       013DC8
_ReadRegisters                                                  text31       01418C
_SLRCONA                                                        (abs)        000F0E
_SLRCONB                                                        (abs)        000F16
_SLRCONC                                                        (abs)        000F1E
_SLRCOND                                                        (abs)        000F23
_SLRCONE                                                        (abs)        000F2B
_SP1BRGH                                                        (abs)        000F9C
_SP1BRGL                                                        (abs)        000F9B
_SSP1ADD                                                        (abs)        000F93
_SSP1BUF                                                        (abs)        000F92
_SSP1CLKPPS                                                     (abs)        000EB7
_SSP1CON1                                                       (abs)        000F96
_SSP1CON1bits                                                   (abs)        000F96
_SSP1CON2bits                                                   (abs)        000F97
_SSP1CON3                                                       (abs)        000F98
_SSP1DATPPS                                                     (abs)        000EB8
_SSP1STAT                                                       (abs)        000F95
_SYSTEM_Initialize                                              text62       014DAA
_Sigma_Erreur_Vitesse_Moteur_D                                  dataBANK1    0001A1
_Sigma_Erreur_Vitesse_Moteur_G                                  dataBANK1    0001A3
_Speed_Motors                                                   text61       01542C
_T0CON0                                                         (abs)        000FD5
_T0CON0bits                                                     (abs)        000FD5
_T0CON1                                                         (abs)        000FD6
_T1CLK                                                          (abs)        000FD2
_T1CON                                                          (abs)        000FCF
_T1CONbits                                                      (abs)        000FCF
_T1GATE                                                         (abs)        000FD1
_T1GCON                                                         (abs)        000FD0
_T1GCONbits                                                     (abs)        000FD0
_T2CLKCON                                                       (abs)        000FBF
_T2CON                                                          (abs)        000FBD
_T2CONbits                                                      (abs)        000FBD
_T2HLT                                                          (abs)        000FBE
_T2HLTbits                                                      (abs)        000FBE
_T2PR                                                           (abs)        000FBC
_T2RST                                                          (abs)        000FC0
_T2RSTbits                                                      (abs)        000FC0
_T2TMR                                                          (abs)        000FBB
_T3CLK                                                          (abs)        000FCC
_T3CON                                                          (abs)        000FC9
_T3CONbits                                                      (abs)        000FC9
_T3GATE                                                         (abs)        000FCB
_T3GCON                                                         (abs)        000FCA
_T3GCONbits                                                     (abs)        000FCA
_T4CLKCON                                                       (abs)        000FB9
_T4CON                                                          (abs)        000FB7
_T4CONbits                                                      (abs)        000FB7
_T4HLT                                                          (abs)        000FB8
_T4HLTbits                                                      (abs)        000FB8
_T4PR                                                           (abs)        000FB6
_T4RST                                                          (abs)        000FBA
_T4RSTbits                                                      (abs)        000FBA
_T4TMR                                                          (abs)        000FB5
_TMR0H                                                          (abs)        000FD4
_TMR0L                                                          (abs)        000FD3
_TMR0_DefaultInterruptHandler                                   text118      0153C8
_TMR0_ISR                                                       text117      014F90
_TMR0_Initialize                                                text70       014CAE
_TMR0_InterruptHandler                                          nvBANK1      000185
_TMR0_SetInterruptHandler                                       text71       015468
_TMR1H                                                          (abs)        000FCE
_TMR1L                                                          (abs)        000FCD
_TMR1_DefaultInterruptHandler                                   text116      0152EA
_TMR1_ISR                                                       text115      014EF8
_TMR1_Initialize                                                text68       014B52
_TMR1_InterruptHandler                                          nvBANK1      000176
_TMR1_ReadTimer                                                 text136      015274
_TMR1_SetInterruptHandler                                       text69       01545A
_TMR1_StartTimer                                                text135      015562
_TMR1_StopTimer                                                 text134      01555E
_TMR1_WriteTimer                                                text133      015322
_TMR2                                                           (abs)        000FBB
_TMR2_Initialize                                                text67       015294
_TMR3H                                                          (abs)        000FC8
_TMR3L                                                          (abs)        000FC7
_TMR3_DefaultInterruptHandler                                   text114      0152CE
_TMR3_ISR                                                       text113      014EC4
_TMR3_Initialize                                                text65       014B08
_TMR3_InterruptHandler                                          nvBANK1      000173
_TMR3_ReadTimer                                                 text125      015254
_TMR3_SetInterruptHandler                                       text66       01544C
_TMR3_StartTimer                                                text124      01555A
_TMR3_StopTimer                                                 text123      015556
_TMR3_WriteTimer                                                text122      015306
_TMR4                                                           (abs)        000FB5
_TMR4_DefaultInterruptHandler                                   text106      011FBE
_TMR4_DefaultInterruptHandler$5432                              cstackCOMRAM 000048
_TMR4_ISR                                                       text105      01519C
_TMR4_Initialize                                                text63       014F5E
_TMR4_InterruptHandler                                          nvBANK1      000179
_TMR4_SetInterruptHandler                                       text64       01543E
_TRISA                                                          (abs)        000F88
_TRISB                                                          (abs)        000F89
_TRISC                                                          (abs)        000F8A
_TRISD                                                          (abs)        000F8B
_TRISE                                                          (abs)        000F8C
_TX1REG                                                         (abs)        000F9A
_TX1STA                                                         (abs)        000F9E
_TX1STAbits                                                     (abs)        000F9E
_VL53L0X_ClearStruct                                            text43       014864
_VL53L0X_ContinuousReading                                      text44       01472E
_VL53L0X_DataInit                                               text36       01307E
_VL53L0X_GetSpadInfo                                            text30       01250A
_VL53L0X_Init                                                   text13       014F2C
_VL53L0X_InitDevices                                            text10       012290
_VL53L0X_PerformRefCalibration                                  text32       014644
_VL53L0X_ReadRange_No_Wait                                      text9        0142B4
_VL53L0X_Read_Distance_No_Wait                                  text8        015020
_VL53L0X_ReadingHeader                                          text50       013C62
_VL53L0X_SetAddress                                             text12       015386
_VL53L0X_SetGpioConfig                                          text29       014B9C
_VL53L0X_SetInterMeasurementPeriodMilliSeconds                  text45       0145C8
_VL53L0X_SetReferenceSpads                                      text26       012F3C
_VL53L0X_SetReferenceSpads$478                                  cstackBANK0  000099
_VL53L0X_SetSignalRateLimit                                     text37       0144C8
_VL53L0X_SetTimeout                                             text11       01533E
_VL53L0X_StaticInit                                             text14       0139FA
_VL53L0X_Tuning                                                 text25       010DA8
_VL53L0X_decodeTimeout                                          text23       014D70
_VL53L0X_encodeTimeout                                          text17       013FC0
_VL53L0X_getMeasurementTimingBudget                             text18       0129C6
_VL53L0X_getSequenceStepEnables                                 text24       014446
_VL53L0X_getSequenceStepTimeouts                                text19       012C04
_VL53L0X_getVcselPulsePeriod                                    text22       014C6C
_VL53L0X_performSingleRefCalibration                            text33       013E76
_VL53L0X_setMeasurementTimingBudget                             text15       011CA4
[...]
      Totals:         0       0       0       0       0       0       0       0       0       0       0       0       0       0       0       0
Total ram usage:        0 bytes
 Hardware stack levels used:    1
 This function calls:
		Nothing
 This function is called by:
		_INTERRUPT_InterruptManager
 This function uses a non-reentrant model


 *************** function _EUSART1_Transmit_ISR *****************
 Defined at:
		line 194 in file "mcc_generated_files/eusart1.c"
 Parameters:    Size  Location     Type
		None
 Auto vars:     Size  Location     Type
		None
 Return value:  Size  Location     Type
                  1    wreg      void 
 Registers used:
		wreg, fsr2l, fsr2h, status,2, status,0, prodl, prodh
 Tracked objects:
		On entry : 
		On exit  : 
		Unchanged: 
 Data sizes:     COMRAM   BANK0   BANK1   BANK2   BANK3   BANK4   BANK5   BANK6   BANK7   BANK8   BANK9  BANK10  BANK11  BANK12  BANK13  BANK14
      Params:         0       0       0       0       0       0       0       0       0       0       0       0       0       0       0       0
      Locals:         0       0       0       0       0       0       0       0       0       0       0       0       0       0       0       0
      Temps:          0       0       0       0       0       0       0       0       0       0       0       0       0       0       0       0
      Totals:         0       0       0       0       0       0       0       0       0       0       0       0       0       0       0       0
Total ram usage:        0 bytes
 Hardware stack levels used:    1
 This function calls:
		Nothing
 This function is called by:
		_EUSART1_Initialize
		_INTERRUPT_InterruptManager
 This function uses a non-reentrant model


 *************** function _EUSART1_Receive_ISR *****************
 Defined at:
		line 213 in file "mcc_generated_files/eusart1.c"
 Parameters:    Size  Location     Type
		None
 Auto vars:     Size  Location     Type
		None
 Return value:  Size  Location     Type
                  1    wreg      void 
 Registers used:
		wreg, fsr2l, fsr2h, status,2, status,0, pclath, tosl, prodl, prodh, cstack
 Tracked objects:
		On entry : 
		On exit  : 
		Unchanged: 
 Data sizes:     COMRAM   BANK0   BANK1   BANK2   BANK3   BANK4   BANK5   BANK6   BANK7   BANK8   BANK9  BANK10  BANK11  BANK12  BANK13  BANK14
      Params:         0       0       0       0       0       0       0       0       0       0       0       0       0       0       0       0
      Locals:         0       0       0       0       0       0       0       0       0       0       0       0       0       0       0       0
      Temps:          0       0       0       0       0       0       0       0       0       0       0       0       0       0       0       0
      Totals:         0       0       0       0       0       0       0       0       0       0       0       0       0       0       0       0
Total ram usage:        0 bytes
 Hardware stack levels used:    1
 Hardware stack levels required when called:    2
 This function calls:
		Absolute function
		_EUSART1_DefaultErrorHandler
		_EUSART1_DefaultFramingErrorHandler
		_EUSART1_DefaultOverrunErrorHandler
		_EUSART1_RxDataHandler
 This function is called by:
		_EUSART1_Initialize
		_INTERRUPT_InterruptManager
 This function uses a non-reentrant model


 *************** function _EUSART1_DefaultOverrunErrorHandler *****************
 Defined at:
		line 249 in file "mcc_generated_files/eusart1.c"
 Parameters:    Size  Location     Type
		None
 Auto vars:     Size  Location     Type
		None
 Return value:  Size  Location     Type
                  1    wreg      void 
 Registers used:
		None
 Tracked objects:
		On entry : 
		On exit  : 
		Unchanged: 
 Data sizes:     COMRAM   BANK0   BANK1   BANK2   BANK3   BANK4   BANK5   BANK6   BANK7   BANK8   BANK9  BANK10  BANK11  BANK12  BANK13  BANK14
      Params:         0       0       0       0       0       0       0       0       0       0       0       0       0       0       0       0
      Locals:         0       0       0       0       0       0       0       0       0       0       0       0       0       0       0       0
      Temps:          0       0       0       0       0       0       0       0       0       0       0       0       0       0       0       0
      Totals:         0       0       0       0       0       0       0       0       0       0       0       0       0       0       0       0
Total ram usage:        0 bytes
 Hardware stack levels used:    1
 This function calls:
		Nothing
 This function is called by:
		_EUSART1_Initialize
		_EUSART1_Receive_ISR
 This function uses a non-reentrant model


 *************** function _EUSART1_DefaultFramingErrorHandler *****************
 Defined at:
		line 247 in file "mcc_generated_files/eusart1.c"
 Parameters:    Size  Location     Type
		None
 Auto vars:     Size  Location     Type
		None
 Return value:  Size  Location     Type
                  1    wreg      void 
 Registers used:
		None
 Tracked objects:
		On entry : 
		On exit  : 
		Unchanged: 
 Data sizes:     COMRAM   BANK0   BANK1   BANK2   BANK3   BANK4   BANK5   BANK6   BANK7   BANK8   BANK9  BANK10  BANK11  BANK12  BANK13  BANK14
      Params:         0       0       0       0       0       0       0       0       0       0       0       0       0       0       0       0
      Locals:         0       0       0       0       0       0       0       0       0       0       0       0       0       0       0       0
      Temps:          0       0       0       0       0       0       0       0       0       0       0       0       0       0       0       0
      Totals:         0       0       0       0       0       0       0       0       0       0       0       0       0       0       0       0
Total ram usage:        0 bytes
 Hardware stack levels used:    1
 This function calls:
		Nothing
 This function is called by:
		_EUSART1_Initialize
		_EUSART1_Receive_ISR
 This function uses a non-reentrant model


 *************** function _EUSART1_DefaultErrorHandler *****************
 Defined at:
		line 257 in file "mcc_generated_files/eusart1.c"
 Parameters:    Size  Location     Type
		None
 Auto vars:     Size  Location     Type
		None
 Return value:  Size  Location     Type
                  1    wreg      void 
 Registers used:
		wreg, fsr2l, fsr2h, status,2, status,0, prodl, prodh, cstack
 Tracked objects:
		On entry : 
		On exit  : 
		Unchanged: 
 Data sizes:     COMRAM   BANK0   BANK1   BANK2   BANK3   BANK4   BANK5   BANK6   BANK7   BANK8   BANK9  BANK10  BANK11  BANK12  BANK13  BANK14
      Params:         0       0       0       0       0       0       0       0       0       0       0       0       0       0       0       0
      Locals:         0       0       0       0       0       0       0       0       0       0       0       0       0       0       0       0
      Temps:          0       0       0       0       0       0       0       0       0       0       0       0       0       0       0       0
      Totals:         0       0       0       0       0       0       0       0       0       0       0       0       0       0       0       0
Total ram usage:        0 bytes
 Hardware stack levels used:    1
 Hardware stack levels required when called:    1
 This function calls:
		_EUSART1_RxDataHandler
 This function is called by:
		_EUSART1_Initialize
		_EUSART1_Receive_ISR
 This function uses a non-reentrant model


 *************** function _EUSART1_RxDataHandler *****************
 Defined at:
		line 237 in file "mcc_generated_files/eusart1.c"
 Parameters:    Size  Location     Type
		None
 Auto vars:     Size  Location     Type
		None
 Return value:  Size  Location     Type
                  1    wreg      void 
 Registers used:
		wreg, fsr2l, fsr2h, status,2, status,0, prodl, prodh
 Tracked objects:
		On entry : 
		On exit  : 
		Unchanged: 
 Data sizes:     COMRAM   BANK0   BANK1   BANK2   BANK3   BANK4   BANK5   BANK6   BANK7   BANK8   BANK9  BANK10  BANK11  BANK12  BANK13  BANK14
      Params:         0       0       0       0       0       0       0       0       0       0       0       0       0       0       0       0
      Locals:         0       0       0       0       0       0       0       0       0       0       0       0       0       0       0       0
      Temps:          0       0       0       0       0       0       0       0       0       0       0       0       0       0       0       0
      Totals:         0       0       0       0       0       0       0       0       0       0       0       0       0       0       0       0
Total ram usage:        0 bytes
 Hardware stack levels used:    1
 This function calls:
		Nothing
 This function is called by:
		_EUSART1_Receive_ISR
		_EUSART1_DefaultErrorHandler
 This function uses a non-reentrant model



MODULE INFORMATION

Module		Function		Class		Link	Load	Size
C:\Program Files (x86)\Microchip\xc8\v1.45\sources\common\flge.c
		___flge        		CODE           	131B6	0000	291

C:\Program Files (x86)\Microchip\xc8\v1.45\sources\common\flge.c estimated size: 291

drivers/LCD.c
		_lcdNibble     		CODE           	14220	0000	149
		_retroLCD      		CODE           	153DE	0000	21
		_printLCD      		CODE           	14DE4	0000	59
		_writeLCD      		CODE           	14E8E	0000	55
		_initLCD       		CODE           	133DA	0000	247
		_clearLCD      		CODE           	15234	0000	33
		_gotoLCD       		CODE           	14FF4	0000	45

drivers/LCD.c estimated size: 609

mcc_generated_files/tmr4.c
		_TMR4_ISR      		CODE           	1519C	0000	41
		_TMR4_Initialize		CODE           	14F5E	0000	51
		_TMR4_SetInterruptHandler		CODE           	1543E	0000	15
		_TMR4_DefaultInterruptHandler		CODE           	11FBE	0000	723

mcc_generated_files/tmr4.c estimated size: 830

mcc_generated_files/tmr2.c
		_TMR2_Initialize		CODE           	15294	0000	31

mcc_generated_files/tmr2.c estimated size: 31

mcc_generated_files/interrupt_manager.c
		_INTERRUPT_Initialize		CODE           	15552	0000	5
		_INTERRUPT_InterruptManager		CODE           	0008	0000	299

mcc_generated_files/interrupt_manager.c estimated size: 304

mcc_generated_files/pwm2.c
		_PWM2_Initialize		CODE           	1539C	0000	23
		_PWM2_LoadDutyValue		CODE           	1504C	0000	45

mcc_generated_files/pwm2.c estimated size: 68

mcc_generated_files/tmr0.c
		_TMR0_SetInterruptHandler		CODE           	15468	0000	15
		_TMR0_DefaultInterruptHandler		CODE           	153C8	0000	23
		_TMR0_ISR      		CODE           	14F90	0000	51
		_TMR0_Initialize		CODE           	14CAE	0000	67

mcc_generated_files/tmr0.c estimated size: 156

mcc_generated_files/i2c1.c
		_I2C1_BusCollisionISR		CODE           	15528	0000	7
		_I2C1_FunctionComplete		CODE           	1536E	0000	25
		_I2C1_MasterWriteTRBBuild		CODE           	14BE2	0000	71
		_I2C1_ISR      		CODE           	12776	0000	593
		_I2C1_Initialize		CODE           	14E58	0000	55
		_I2C1_Stop     		CODE           	14D32	0000	63
		_I2C1_MasterReadTRBBuild		CODE           	149CA	0000	83
		_I2C1_WaitForLastPacketToComplete		CODE           	15520	0000	9
		_I2C1_MasterTRBInsert		CODE           	13F1E	0000	163

mcc_generated_files/i2c1.c estimated size: 1069

mcc_generated_files/pin_manager.c
		_IOCAF6_ISR    		CODE           	150F8	0000	43
		_IOCAF5_SetInterruptHandler		CODE           	154A0	0000	15
		_IOCCF0_DefaultInterruptHandler		CODE           	14A1C	0000	81
		_PIN_MANAGER_Initialize		CODE           	132D8	0000	259
		_IOCCF0_ISR    		CODE           	150A4	0000	43
		_IOCAF7_DefaultInterruptHandler		CODE           	15568	0000	3
		_IOCAF7_ISR    		CODE           	150CE	0000	43
		_IOCAF6_SetInterruptHandler		CODE           	15492	0000	15
		_IOCCF0_SetInterruptHandler		CODE           	15476	0000	15
		_IOCAF5_DefaultInterruptHandler		CODE           	14A6C	0000	81
		_IOCAF5_ISR    		CODE           	15122	0000	43
		_PIN_MANAGER_IOC		CODE           	15210	0000	37
		_IOCAF7_SetInterruptHandler		CODE           	15484	0000	15
		_IOCAF6_DefaultInterruptHandler		CODE           	14E1E	0000	59

mcc_generated_files/pin_manager.c estimated size: 752

drivers/vl53l0x.c
		_start_msTimeout		CODE           	1514C	0000	41
		_LASER0_SetHigh		CODE           	1554E	0000	5
		_VL53L0X_SetGpioConfig		CODE           	14B9C	0000	71
		_VL53L0X_StaticInit		CODE           	139FA	0000	215
		_VL53L0X_SetInterMeasurementPeriodMilliSeconds		CODE           	145C8	0000	125
		_VL53L0X_ReadingHeader		CODE           	13C62	0000	183
		_VL53L0X_performSingleRefCalibration		CODE           	13E76	0000	169
		_WriteRegister 		CODE           	14800	0000	101
		_VL53L0X_PerformRefCalibration		CODE           	14644	0000	123
		_VL53L0X_SetAddress		CODE           	15386	0000	23
		_LASER1_SetLow 		CODE           	15542	0000	5
		_WriteRegisters		CODE           	140F8	0000	149
		_VL53L0X_SetTimeout		CODE           	1533E	0000	25
		_VL53L0X_SetSignalRateLimit		CODE           	144C8	0000	131
		_WriteRegister32		CODE           	146BE	0000	113
		_WriteRegister16		CODE           	14798	0000	105
		_LASER1_SetHigh		CODE           	15546	0000	5
		_VL53L0X_getSequenceStepEnables		CODE           	14446	0000	131
		_VL53L0X_Init  		CODE           	14F2C	0000	51
		_VL53L0X_timeoutMicrosecondsToMclks		CODE           	134D0	0000	223
		_VL53L0X_GetSpadInfo		CODE           	1250A	0000	621
		_VL53L0X_SetReferenceSpads		CODE           	12F3C	0000	323
		_VL53L0X_ReadRange_No_Wait		CODE           	142B4	0000	137
		_VL53L0X_DataInit		CODE           	1307E	0000	313
		_LASER2_SetLow 		CODE           	1553A	0000	5
		_checkTimeoutExpired		CODE           	13920	0000	219
		_VL53L0X_decodeTimeout		CODE           	14D70	0000	59
		_VL53L0X_encodeTimeout		CODE           	13FC0	0000	159
		_VL53L0X_timeoutMclksToMicroseconds		CODE           	13846	0000	219
		_VL53L0X_getMeasurementTimingBudget		CODE           	129C6	0000	575
		_VL53L0X_setMeasurementTimingBudget		CODE           	11CA4	0000	795
		_ReadRegister  		CODE           	1454A	0000	127
		_VL53L0X_Tuning		CODE           	10DA8	0000	1311
		_VL53L0X_getSequenceStepTimeouts		CODE           	12C04	0000	489
		_LASER2_SetHigh		CODE           	1553E	0000	5
		_VL53L0X_InitDevices		CODE           	12290	0000	635
		_ReadRegisters 		CODE           	1418C	0000	149
		_ReadRegister16		CODE           	13DC8	0000	175
		_VL53L0X_getVcselPulsePeriod		CODE           	14C6C	0000	67
		_VL53L0X_ContinuousReading		CODE           	1472E	0000	107
		_LASER0_SetLow 		CODE           	1554A	0000	5
		_VL53L0X_ClearStruct		CODE           	14864	0000	97
		_VL53L0X_Read_Distance_No_Wait		CODE           	15020	0000	45

drivers/vl53l0x.c estimated size: 8631

C:\Program Files (x86)\Microchip\xc8\v1.45\sources\common\sprcadd.c
		___fladd       		CODE           	11968	0000	829

C:\Program Files (x86)\Microchip\xc8\v1.45\sources\common\sprcadd.c estimated size: 829

C:\Program Files (x86)\Microchip\xc8\v1.45\sources\common\lwmod.c
		___lwmod       		CODE           	14C28	0000	69

C:\Program Files (x86)\Microchip\xc8\v1.45\sources\common\lwmod.c estimated size: 69

C:\Program Files (x86)\Microchip\xc8\v1.45\sources\common\Umul32.c
		___lmul        		CODE           	1491E	0000	89

C:\Program Files (x86)\Microchip\xc8\v1.45\sources\common\Umul32.c estimated size: 89

C:\Program Files (x86)\Microchip\xc8\v1.45\sources\common\fltol.c
		___fltol       		CODE           	135AE	0000	223

C:\Program Files (x86)\Microchip\xc8\v1.45\sources\common\fltol.c estimated size: 223

shared
		i2___fltol     		CODE           	1376A	0000	221
		__initialization		CODE           	148C4	0000	81
		i2___flmul     		CODE           	11618	0000	849

shared estimated size: 1151

mcc_generated_files/eusart1.c
		_EUSART1_SetRxInterruptHandler		CODE           	154BC	0000	15
		_EUSART1_SetTxInterruptHandler		CODE           	154AE	0000	15
		_EUSART1_Initialize		CODE           	1405E	0000	155
		_EUSART1_DefaultErrorHandler		CODE           	15534	0000	7
		_EUSART1_SetFramingErrorHandler		CODE           	154D8	0000	15
		_EUSART1_SetOverrunErrorHandler		CODE           	154CA	0000	15
		_EUSART1_SetErrorHandler		CODE           	154E6	0000	15
		_EUSART1_Receive_ISR		CODE           	13D18	0000	177
		_EUSART1_RxDataHandler		CODE           	151EA	0000	39
		_EUSART1_DefaultOverrunErrorHandler		CODE           	1552E	0000	7
		_EUSART1_Transmit_ISR		CODE           	14FC2	0000	51
		_EUSART1_DefaultFramingErrorHandler		CODE           	1556A	0000	3

mcc_generated_files/eusart1.c estimated size: 514

mcc_generated_files/mcc.c
		_PMD_Initialize		CODE           	152B2	0000	29
		_OSCILLATOR_Initialize		CODE           	15356	0000	25
		_SYSTEM_Initialize		CODE           	14DAA	0000	59

mcc_generated_files/mcc.c estimated size: 113

mcc_generated_files/tmr3.c
		_TMR3_ISR      		CODE           	14EC4	0000	53
		_TMR3_Initialize		CODE           	14B08	0000	75
		_TMR3_SetInterruptHandler		CODE           	1544C	0000	15
		_TMR3_StopTimer		CODE           	15556	0000	5
		_TMR3_DefaultInterruptHandler		CODE           	152CE	0000	29
		_TMR3_WriteTimer		CODE           	15306	0000	29
		_TMR3_StartTimer		CODE           	1555A	0000	5
		_TMR3_ReadTimer		CODE           	15254	0000	33

mcc_generated_files/tmr3.c estimated size: 244

mcc_generated_files/tmr1.c
		_TMR1_Initialize		CODE           	14B52	0000	75
		_TMR1_SetInterruptHandler		CODE           	1545A	0000	15
		_TMR1_StopTimer		CODE           	1555E	0000	5
		_TMR1_DefaultInterruptHandler		CODE           	152EA	0000	29
		_TMR1_WriteTimer		CODE           	15322	0000	29
		_TMR1_StartTimer		CODE           	15562	0000	5
		_TMR1_ReadTimer		CODE           	15274	0000	33
		_TMR1_ISR      		CODE           	14EF8	0000	53

mcc_generated_files/tmr1.c estimated size: 244

mcc_generated_files/pwm1.c
		_PWM1_Initialize		CODE           	153B2	0000	23
		_PWM1_LoadDutyValue		CODE           	15078	0000	45

mcc_generated_files/pwm1.c estimated size: 68

C:\Program Files (x86)\Microchip\xc8\v1.45\sources\common\lwdiv.c
		___lwdiv       		CODE           	14976	0000	85

C:\Program Files (x86)\Microchip\xc8\v1.45\sources\common\lwdiv.c estimated size: 85

C:\Program Files (x86)\Microchip\xc8\v1.45\sources\common\awdiv.c
		___awdiv       		CODE           	1433C	0000	135

C:\Program Files (x86)\Microchip\xc8\v1.45\sources\common\awdiv.c estimated size: 135

commandes.c
		_millis        		CODE           	1541A	0000	19
		_Digital_read  		CODE           	14CF0	0000	67
		_LCDvalue_laser_Range		CODE           	1368C	0000	223
		_Valeur_selection		CODE           	1550C	0000	11
		_Speed_Motors  		CODE           	1542C	0000	19
		_BP_selection  		CODE           	154F4	0000	13
		_Buzzer        		CODE           	15406	0000	21
		_LCDvalue16fp  		CODE           	13B9C	0000	199
		_LCDvalue_Boolean		CODE           	151C4	0000	39
		_Ecrit_Valeur_selection		CODE           	15516	0000	11
		_Motors        		CODE           	153F2	0000	21

commandes.c estimated size: 643

C:\Program Files (x86)\Microchip\xc8\v1.45\sources\common\lldiv.c
		___lldiv       		CODE           	143C2	0000	133

C:\Program Files (x86)\Microchip\xc8\v1.45\sources\common\lldiv.c estimated size: 133

C:\Program Files (x86)\Microchip\xc8\v1.45\sources\common\xxtofl.c
		___xxtofl      		CODE           	12DEC	0000	337

C:\Program Files (x86)\Microchip\xc8\v1.45\sources\common\xxtofl.c estimated size: 337

C:\Program Files (x86)\Microchip\xc8\v1.45\sources\common\aldiv.c
		___aldiv       		CODE           	13AD0	0000	205

C:\Program Files (x86)\Microchip\xc8\v1.45\sources\common\aldiv.c estimated size: 205

mcc_generated_files/adcc.c
		_ADCC_GetSingleConversion		CODE           	15174	0000	41
		_ADCC_Initialize		CODE           	14ABC	0000	77

mcc_generated_files/adcc.c estimated size: 118

main.c
		_lateral       		CODE           	15566	0000	3
		_main          		CODE           	10000	0000	3497

main.c estimated size: 3500

C:\Program Files (x86)\Microchip\xc8\v1.45\sources\common\sprcmul.c
		___flmul       		CODE           	112C6	0000	851

C:\Program Files (x86)\Microchip\xc8\v1.45\sources\common\sprcmul.c estimated size: 851

